digraph G {
	rankdir = LR;	edge [colorscheme=spectral11];	node [shape = none];

    0 [label=AlbanianTosk];
    1 [label=AncientIonicGreek];
    2 [label=ArmenianWestern];
    3 [label=Assamese];
    4 [label=Cornish];
    5 [label=Danish];
    6 [label=EasternFrisianSaterland];
    7 [label=Faroese];
    8 [label=Icelandic];
    9 [label=Irish];
    10 [label=KolschColognian];
    11 [label=Manx];
    12 [label=OldPrussian];
    13 [label=SanskritVedic];
    14 [label=Scots];
    15 [label=Yiddish];
    16 [label=HTU16];
    17 [label=HTU17];
    18 [label=HTU18];
    19 [label=HTU19];
    20 [label=HTU20];
    21 [label=HTU21];
    22 [label=HTU22];
    23 [label=HTU23];
    24 [label=HTU24];
    25 [label=HTU25];
    26 [label=HTU26];
    27 [label=HTU27];
    28 [label=HTU28];
    29 [label=HTU29];
    30 [label=HTU30];
    31 [label=HTU31];
    32 [label=HTU32];
    33 [label=HTU33];
    34 [label=HTU34];
    35 [label=HTU35];
    36 [label=HTU36];
    16 -> 0 [label=0.0];
    16 -> 25 [label=0.0];
    17 -> 28 [label=365.0];
    17 -> 29 [label=74.0];
    18 -> 4 [label=376.0];
    18 -> 34 [label=12.3];
    19 -> 14 [label=728.0];
    19 -> 31 [label=400.0];
    20 -> 26 [label=1435.0];
    20 -> 35 [label=1397.6];
    21 -> 12 [label=453.0];
    21 -> 36 [label=0.0];
    22 -> 1 [label=3522.2];
    22 -> 13 [label=653.0];
    23 -> 2 [label=1185.0];
    23 -> 19 [label=455.4];
    24 -> 5 [label=687.0];
    24 -> 17 [label=125.0];
    25 -> 6 [label=1254.9];
    25 -> 24 [label=838.0];
    26 -> 3 [label=948.6];
    26 -> 22 [label=296.1];
    27 -> 21 [label=320.3];
    27 -> 32 [label=208.8];
    28 -> 11 [label=506.1];
    28 -> 18 [label=206.5];
    29 -> 9 [label=866.6];
    29 -> 33 [label=137.1];
    30 -> 10 [label=3261.0];
    30 -> 15 [label=1922.9];
    31 -> 7 [label=110.0];
    31 -> 32 [label=1069.0];
    32 -> 20 [label=0.0];
    33 -> 27 [label=54.0];
    33 -> 34 [label=402.0];
    34 -> 23 [label=12.0];
    35 -> 30 [label=1108.0];
    35 -> 36 [label=392.3];
    36 -> 8 [label=1401.0];
}
//39749.7
