digraph G {
	rankdir = LR;	node [ shape = none];

    0 [label=Antarctic_neomeniomorph];
    1 [label=Aplysia_californica];
    2 [label=Cerebratulus_lacteus];
    3 [label=Chaetopleura_apiculata];
    4 [label=Crassostrea_virginica];
    5 [label=Euprymna_scolopes];
    6 [label=Greenland_neomeniomorph];
    7 [label=Helobdella_robusta];
    8 [label=Ilyanassa_obsoleta];
    9 [label=Lingula_anatina];
    10 [label=Littorina_littorea];
    11 [label=Lottia_gigantea];
    12 [label=Lymnaea_stagnalis];
    13 [label=Mytilus_californianus];
    14 [label=Nautilus];
    15 [label=Nucula];
    16 [label=Octopus];
    17 [label=Perotrochus_lucaya];
    18 [label=Scaphopods];
    19 [label=Siphonaria_pectinata];
    20 [label=Solemya];
    21 [label=Venerupis_decussatus];
    22 [label=Venerupis_philippinarum];
    23 [label=Yoldia_limatula];
    24 [label=HTU24];
    25 [label=HTU25];
    26 [label=HTU26];
    27 [label=HTU27];
    28 [label=HTU28];
    29 [label=HTU29];
    30 [label=HTU30];
    31 [label=HTU31];
    32 [label=HTU32];
    33 [label=HTU33];
    34 [label=HTU34];
    35 [label=HTU35];
    36 [label=HTU36];
    37 [label=HTU37];
    38 [label=HTU38];
    39 [label=HTU39];
    40 [label=HTU40];
    41 [label=HTU41];
    42 [label=HTU42];
    43 [label=HTU43];
    44 [label=HTU44];
    45 [label=HTU45];
    46 [label=HTU46];
    47 [label=HTU47];
    48 [label=HTU48];
    49 [label=HTU49];
    50 [label=HTU50];
    51 [label=HTU51];
    52 [label=HTU52];
    24 -> 0 [label=1.0];
    24 -> 32 [label=1.0];
    25 -> 17 [label=1.0];
    25 -> 26 [label=1.0];
    26 -> 10 [label=1.0];
    26 -> 31 [label=1.0];
    27 -> 12 [label=1.0];
    27 -> 52 [label=1.0];
    28 -> 44 [label=1.0];
    28 -> 47 [label=1.0];
    29 -> 1 [label=1.0];
    29 -> 19 [label=1.0];
    30 -> 38 [label=1.0];
    30 -> 39 [label=1.0];
    31 -> 4 [label=1.0];
    31 -> 29 [label=1.0];
    32 -> 36 [label=1.0];
    32 -> 46 [label=1.0];
    33 -> 23 [label=1.0];
    33 -> 52 [label=1.0];
    34 -> 14 [label=1.0];
    34 -> 43 [label=1.0];
    35 -> 8 [label=1.0];
    35 -> 25 [label=1.0];
    36 -> 41 [label=1.0];
    36 -> 50 [label=1.0];
    37 -> 33 [label=1.0];
    37 -> 34 [label=1.0];
    38 -> 7 [label=1.0];
    38 -> 11 [label=1.0];
    39 -> 6 [label=1.0];
    39 -> 40 [label=1.0];
    40 -> 15 [label=1.0];
    40 -> 20 [label=1.0];
    41 -> 2 [label=1.0];
    41 -> 5 [label=1.0];
    42 -> 22 [label=1.0];
    42 -> 51 [label=1.0];
    43 -> 35 [label=1.0];
    43 -> 48 [label=1.0];
    44 -> 30 [label=1.0];
    44 -> 42 [label=1.0];
    45 -> 9 [label=1.0];
    45 -> 21 [label=1.0];
    46 -> 37 [label=1.0];
    46 -> 49 [label=1.0];
    47 -> 27 [label=1.0];
    47 -> 48 [label=1.0];
    48 -> 3 [label=1.0];
    49 -> 28 [label=1.0];
    49 -> 50 [label=1.0];
    50 -> 16 [label=1.0];
    51 -> 13 [label=1.0];
    51 -> 45 [label=1.0];
    52 -> 18 [label=1.0];
}
//148604.0
digraph G {
	rankdir = LR;	node [ shape = none];

    0 [label=Antarctic_neomeniomorph];
    1 [label=Aplysia_californica];
    2 [label=Cerebratulus_lacteus];
    3 [label=Chaetopleura_apiculata];
    4 [label=Crassostrea_virginica];
    5 [label=Euprymna_scolopes];
    6 [label=Greenland_neomeniomorph];
    7 [label=Helobdella_robusta];
    8 [label=Ilyanassa_obsoleta];
    9 [label=Lingula_anatina];
    10 [label=Littorina_littorea];
    11 [label=Lottia_gigantea];
    12 [label=Lymnaea_stagnalis];
    13 [label=Mytilus_californianus];
    14 [label=Nautilus];
    15 [label=Nucula];
    16 [label=Octopus];
    17 [label=Perotrochus_lucaya];
    18 [label=Scaphopods];
    19 [label=Siphonaria_pectinata];
    20 [label=Solemya];
    21 [label=Venerupis_decussatus];
    22 [label=Venerupis_philippinarum];
    23 [label=Yoldia_limatula];
    24 [label=HTU24];
    25 [label=HTU25];
    26 [label=HTU26];
    27 [label=HTU27];
    28 [label=HTU28];
    29 [label=HTU29];
    30 [label=HTU30];
    31 [label=HTU31];
    32 [label=HTU32];
    33 [label=HTU33];
    34 [label=HTU34];
    35 [label=HTU35];
    36 [label=HTU36];
    37 [label=HTU37];
    38 [label=HTU38];
    39 [label=HTU39];
    40 [label=HTU40];
    41 [label=HTU41];
    42 [label=HTU42];
    43 [label=HTU43];
    44 [label=HTU44];
    45 [label=HTU45];
    46 [label=HTU46];
    47 [label=HTU47];
    48 [label=HTU48];
    49 [label=HTU49];
    50 [label=HTU50];
    51 [label=HTU51];
    52 [label=HTU52];
    24 -> 0 [label=1.0];
    24 -> 32 [label=1.0];
    25 -> 17 [label=1.0];
    25 -> 26 [label=1.0];
    26 -> 10 [label=1.0];
    26 -> 31 [label=1.0];
    27 -> 12 [label=1.0];
    27 -> 52 [label=1.0];
    28 -> 44 [label=1.0];
    28 -> 47 [label=1.0];
    29 -> 1 [label=1.0];
    29 -> 19 [label=1.0];
    30 -> 38 [label=1.0];
    30 -> 39 [label=1.0];
    31 -> 4 [label=1.0];
    31 -> 29 [label=1.0];
    32 -> 36 [label=1.0];
    32 -> 46 [label=1.0];
    33 -> 35 [label=1.0];
    33 -> 52 [label=1.0];
    34 -> 14 [label=1.0];
    34 -> 43 [label=1.0];
    35 -> 8 [label=1.0];
    35 -> 23 [label=1.0];
    36 -> 41 [label=1.0];
    36 -> 50 [label=1.0];
    37 -> 33 [label=1.0];
    37 -> 34 [label=1.0];
    38 -> 7 [label=1.0];
    38 -> 11 [label=1.0];
    39 -> 6 [label=1.0];
    39 -> 40 [label=1.0];
    40 -> 15 [label=1.0];
    40 -> 20 [label=1.0];
    41 -> 2 [label=1.0];
    41 -> 5 [label=1.0];
    42 -> 22 [label=1.0];
    42 -> 51 [label=1.0];
    43 -> 25 [label=1.0];
    43 -> 48 [label=1.0];
    44 -> 30 [label=1.0];
    44 -> 42 [label=1.0];
    45 -> 9 [label=1.0];
    45 -> 21 [label=1.0];
    46 -> 37 [label=1.0];
    46 -> 49 [label=1.0];
    47 -> 27 [label=1.0];
    47 -> 48 [label=1.0];
    48 -> 3 [label=1.0];
    49 -> 28 [label=1.0];
    49 -> 50 [label=1.0];
    50 -> 16 [label=1.0];
    51 -> 13 [label=1.0];
    51 -> 45 [label=1.0];
    52 -> 18 [label=1.0];
}
//148604.0
digraph G {
	rankdir = LR;	node [ shape = none];

    0 [label=Antarctic_neomeniomorph];
    1 [label=Aplysia_californica];
    2 [label=Cerebratulus_lacteus];
    3 [label=Chaetopleura_apiculata];
    4 [label=Crassostrea_virginica];
    5 [label=Euprymna_scolopes];
    6 [label=Greenland_neomeniomorph];
    7 [label=Helobdella_robusta];
    8 [label=Ilyanassa_obsoleta];
    9 [label=Lingula_anatina];
    10 [label=Littorina_littorea];
    11 [label=Lottia_gigantea];
    12 [label=Lymnaea_stagnalis];
    13 [label=Mytilus_californianus];
    14 [label=Nautilus];
    15 [label=Nucula];
    16 [label=Octopus];
    17 [label=Perotrochus_lucaya];
    18 [label=Scaphopods];
    19 [label=Siphonaria_pectinata];
    20 [label=Solemya];
    21 [label=Venerupis_decussatus];
    22 [label=Venerupis_philippinarum];
    23 [label=Yoldia_limatula];
    24 [label=HTU24];
    25 [label=HTU25];
    26 [label=HTU26];
    27 [label=HTU27];
    28 [label=HTU28];
    29 [label=HTU29];
    30 [label=HTU30];
    31 [label=HTU31];
    32 [label=HTU32];
    33 [label=HTU33];
    34 [label=HTU34];
    35 [label=HTU35];
    36 [label=HTU36];
    37 [label=HTU37];
    38 [label=HTU38];
    39 [label=HTU39];
    40 [label=HTU40];
    41 [label=HTU41];
    42 [label=HTU42];
    43 [label=HTU43];
    44 [label=HTU44];
    45 [label=HTU45];
    46 [label=HTU46];
    47 [label=HTU47];
    48 [label=HTU48];
    49 [label=HTU49];
    50 [label=HTU50];
    51 [label=HTU51];
    52 [label=HTU52];
    24 -> 0 [label=1.0];
    24 -> 32 [label=1.0];
    25 -> 17 [label=1.0];
    25 -> 26 [label=1.0];
    26 -> 10 [label=1.0];
    26 -> 31 [label=1.0];
    27 -> 12 [label=1.0];
    27 -> 52 [label=1.0];
    28 -> 44 [label=1.0];
    28 -> 47 [label=1.0];
    29 -> 1 [label=1.0];
    29 -> 19 [label=1.0];
    30 -> 38 [label=1.0];
    30 -> 39 [label=1.0];
    31 -> 4 [label=1.0];
    31 -> 29 [label=1.0];
    32 -> 36 [label=1.0];
    32 -> 46 [label=1.0];
    33 -> 23 [label=1.0];
    33 -> 52 [label=1.0];
    34 -> 35 [label=1.0];
    34 -> 43 [label=1.0];
    35 -> 8 [label=1.0];
    35 -> 14 [label=1.0];
    36 -> 41 [label=1.0];
    36 -> 50 [label=1.0];
    37 -> 33 [label=1.0];
    37 -> 34 [label=1.0];
    38 -> 7 [label=1.0];
    38 -> 11 [label=1.0];
    39 -> 6 [label=1.0];
    39 -> 40 [label=1.0];
    40 -> 15 [label=1.0];
    40 -> 20 [label=1.0];
    41 -> 2 [label=1.0];
    41 -> 5 [label=1.0];
    42 -> 22 [label=1.0];
    42 -> 51 [label=1.0];
    43 -> 25 [label=1.0];
    43 -> 48 [label=1.0];
    44 -> 30 [label=1.0];
    44 -> 42 [label=1.0];
    45 -> 9 [label=1.0];
    45 -> 21 [label=1.0];
    46 -> 37 [label=1.0];
    46 -> 49 [label=1.0];
    47 -> 27 [label=1.0];
    47 -> 48 [label=1.0];
    48 -> 3 [label=1.0];
    49 -> 28 [label=1.0];
    49 -> 50 [label=1.0];
    50 -> 16 [label=1.0];
    51 -> 13 [label=1.0];
    51 -> 45 [label=1.0];
    52 -> 18 [label=1.0];
}
//148604.0
digraph G {
	rankdir = LR;	node [ shape = none];

    0 [label=Antarctic_neomeniomorph];
    1 [label=Aplysia_californica];
    2 [label=Cerebratulus_lacteus];
    3 [label=Chaetopleura_apiculata];
    4 [label=Crassostrea_virginica];
    5 [label=Euprymna_scolopes];
    6 [label=Greenland_neomeniomorph];
    7 [label=Helobdella_robusta];
    8 [label=Ilyanassa_obsoleta];
    9 [label=Lingula_anatina];
    10 [label=Littorina_littorea];
    11 [label=Lottia_gigantea];
    12 [label=Lymnaea_stagnalis];
    13 [label=Mytilus_californianus];
    14 [label=Nautilus];
    15 [label=Nucula];
    16 [label=Octopus];
    17 [label=Perotrochus_lucaya];
    18 [label=Scaphopods];
    19 [label=Siphonaria_pectinata];
    20 [label=Solemya];
    21 [label=Venerupis_decussatus];
    22 [label=Venerupis_philippinarum];
    23 [label=Yoldia_limatula];
    24 [label=HTU24];
    25 [label=HTU25];
    26 [label=HTU26];
    27 [label=HTU27];
    28 [label=HTU28];
    29 [label=HTU29];
    30 [label=HTU30];
    31 [label=HTU31];
    32 [label=HTU32];
    33 [label=HTU33];
    34 [label=HTU34];
    35 [label=HTU35];
    36 [label=HTU36];
    37 [label=HTU37];
    38 [label=HTU38];
    39 [label=HTU39];
    40 [label=HTU40];
    41 [label=HTU41];
    42 [label=HTU42];
    43 [label=HTU43];
    44 [label=HTU44];
    45 [label=HTU45];
    46 [label=HTU46];
    47 [label=HTU47];
    48 [label=HTU48];
    49 [label=HTU49];
    50 [label=HTU50];
    51 [label=HTU51];
    52 [label=HTU52];
    24 -> 0 [label=1.0];
    24 -> 32 [label=1.0];
    25 -> 17 [label=1.0];
    25 -> 35 [label=1.0];
    26 -> 10 [label=1.0];
    26 -> 31 [label=1.0];
    27 -> 12 [label=1.0];
    27 -> 52 [label=1.0];
    28 -> 44 [label=1.0];
    28 -> 47 [label=1.0];
    29 -> 1 [label=1.0];
    29 -> 19 [label=1.0];
    30 -> 38 [label=1.0];
    30 -> 39 [label=1.0];
    31 -> 4 [label=1.0];
    31 -> 29 [label=1.0];
    32 -> 36 [label=1.0];
    32 -> 46 [label=1.0];
    33 -> 23 [label=1.0];
    33 -> 52 [label=1.0];
    34 -> 14 [label=1.0];
    34 -> 43 [label=1.0];
    35 -> 8 [label=1.0];
    35 -> 26 [label=1.0];
    36 -> 41 [label=1.0];
    36 -> 50 [label=1.0];
    37 -> 33 [label=1.0];
    37 -> 34 [label=1.0];
    38 -> 7 [label=1.0];
    38 -> 11 [label=1.0];
    39 -> 6 [label=1.0];
    39 -> 40 [label=1.0];
    40 -> 15 [label=1.0];
    40 -> 20 [label=1.0];
    41 -> 2 [label=1.0];
    41 -> 5 [label=1.0];
    42 -> 22 [label=1.0];
    42 -> 51 [label=1.0];
    43 -> 25 [label=1.0];
    43 -> 48 [label=1.0];
    44 -> 30 [label=1.0];
    44 -> 42 [label=1.0];
    45 -> 9 [label=1.0];
    45 -> 21 [label=1.0];
    46 -> 37 [label=1.0];
    46 -> 49 [label=1.0];
    47 -> 27 [label=1.0];
    47 -> 48 [label=1.0];
    48 -> 3 [label=1.0];
    49 -> 28 [label=1.0];
    49 -> 50 [label=1.0];
    50 -> 16 [label=1.0];
    51 -> 13 [label=1.0];
    51 -> 45 [label=1.0];
    52 -> 18 [label=1.0];
}
//148604.0
digraph G {
	rankdir = LR;	node [ shape = none];

    0 [label=Antarctic_neomeniomorph];
    1 [label=Aplysia_californica];
    2 [label=Cerebratulus_lacteus];
    3 [label=Chaetopleura_apiculata];
    4 [label=Crassostrea_virginica];
    5 [label=Euprymna_scolopes];
    6 [label=Greenland_neomeniomorph];
    7 [label=Helobdella_robusta];
    8 [label=Ilyanassa_obsoleta];
    9 [label=Lingula_anatina];
    10 [label=Littorina_littorea];
    11 [label=Lottia_gigantea];
    12 [label=Lymnaea_stagnalis];
    13 [label=Mytilus_californianus];
    14 [label=Nautilus];
    15 [label=Nucula];
    16 [label=Octopus];
    17 [label=Perotrochus_lucaya];
    18 [label=Scaphopods];
    19 [label=Siphonaria_pectinata];
    20 [label=Solemya];
    21 [label=Venerupis_decussatus];
    22 [label=Venerupis_philippinarum];
    23 [label=Yoldia_limatula];
    24 [label=HTU24];
    25 [label=HTU25];
    26 [label=HTU26];
    27 [label=HTU27];
    28 [label=HTU28];
    29 [label=HTU29];
    30 [label=HTU30];
    31 [label=HTU31];
    32 [label=HTU32];
    33 [label=HTU33];
    34 [label=HTU34];
    35 [label=HTU35];
    36 [label=HTU36];
    37 [label=HTU37];
    38 [label=HTU38];
    39 [label=HTU39];
    40 [label=HTU40];
    41 [label=HTU41];
    42 [label=HTU42];
    43 [label=HTU43];
    44 [label=HTU44];
    45 [label=HTU45];
    46 [label=HTU46];
    47 [label=HTU47];
    48 [label=HTU48];
    49 [label=HTU49];
    50 [label=HTU50];
    51 [label=HTU51];
    52 [label=HTU52];
    24 -> 0 [label=1.0];
    24 -> 32 [label=1.0];
    25 -> 26 [label=1.0];
    25 -> 35 [label=1.0];
    26 -> 10 [label=1.0];
    26 -> 31 [label=1.0];
    27 -> 12 [label=1.0];
    27 -> 52 [label=1.0];
    28 -> 44 [label=1.0];
    28 -> 47 [label=1.0];
    29 -> 1 [label=1.0];
    29 -> 19 [label=1.0];
    30 -> 38 [label=1.0];
    30 -> 39 [label=1.0];
    31 -> 4 [label=1.0];
    31 -> 29 [label=1.0];
    32 -> 36 [label=1.0];
    32 -> 46 [label=1.0];
    33 -> 23 [label=1.0];
    33 -> 52 [label=1.0];
    34 -> 14 [label=1.0];
    34 -> 43 [label=1.0];
    35 -> 8 [label=1.0];
    35 -> 17 [label=1.0];
    36 -> 41 [label=1.0];
    36 -> 50 [label=1.0];
    37 -> 33 [label=1.0];
    37 -> 34 [label=1.0];
    38 -> 7 [label=1.0];
    38 -> 11 [label=1.0];
    39 -> 6 [label=1.0];
    39 -> 40 [label=1.0];
    40 -> 15 [label=1.0];
    40 -> 20 [label=1.0];
    41 -> 2 [label=1.0];
    41 -> 5 [label=1.0];
    42 -> 22 [label=1.0];
    42 -> 51 [label=1.0];
    43 -> 25 [label=1.0];
    43 -> 48 [label=1.0];
    44 -> 30 [label=1.0];
    44 -> 42 [label=1.0];
    45 -> 9 [label=1.0];
    45 -> 21 [label=1.0];
    46 -> 37 [label=1.0];
    46 -> 49 [label=1.0];
    47 -> 27 [label=1.0];
    47 -> 48 [label=1.0];
    48 -> 3 [label=1.0];
    49 -> 28 [label=1.0];
    49 -> 50 [label=1.0];
    50 -> 16 [label=1.0];
    51 -> 13 [label=1.0];
    51 -> 45 [label=1.0];
    52 -> 18 [label=1.0];
}
//148604.0
