(Antarctic_neomeniomorph:404.5,(Siphonaria_pectinata:216.0,(Crassostrea_virginica:204.5,((Lymnaea_stagnalis:204.0,(Ilyanassa_obsoleta:199.0,(Greenland_neomeniomorph:245.0,(Lottia_gigantea:60.0,(Perotrochus_lucaya:106.0,((Helobdella_robusta:313.5,Scaphopods:35.5)HTU43:218.5,(Aplysia_californica:72.5,Littorina_littorea:29.5)HTU45:118.5)HTU42:74.0)HTU41:44.5)HTU40:47.5)HTU39:98.5)HTU28:13.5)HTU26:7.0,(Yoldia_limatula:193.5,(((Euprymna_scolopes:149.5,Venerupis_decussatus:161.0)HTU32:132.0,(Octopus:207.5,(Nautilus:224.0,(Chaetopleura_apiculata:289.5,(Mytilus_californianus:56.5,(Nucula:208.0,(Solemya:194.5,Venerupis_philippinarum:248.5)HTU38:24.5)HTU37:37.5)HTU44:32.0)HTU36:47.5)HTU35:75.0)HTU34:44.0)HTU31:99.0,(Cerebratulus_lacteus:195.5,Lingula_anatina:178.0)HTU33:69.0)HTU30:62.0)HTU29:27.0)HTU27:43.5)HTU25:32.0)HTU46:226.0)HTU24[1436.0];
