(Alentus:0.0,(Rhiphicephalus:22.0,((Amblypygid:12.0,(Pauroctonus:21.0,(Aportus:33.0,((Lottia_gigantea:2.0,(Scaphopods:0.0,Vonones:0.0)HTU59:2.0)HTU60:0.0,((Limulus:0.0,Littorina_littorea:0.0)HTU57:1.0,((Yoldia_limatula:4.0,(Mytilus_californianus:9.0,(Lingula_anatina:4.0,Venerupis_philippinarum:5.0)HTU53:1.0)HTU54:15.0)HTU55:4.0,(Helobdella_robusta:16.0,(Crassostrea_virginica:28.0,(Aplysia_californica:14.0,(Centruoides:17.0,(Chanbria:12.0,(Americhernus:64.0,(Mastigoproctus:7.0,((Gea:19.0,Hadrurus:23.0)HTU44:3.0,(Hypochilus:2.0,(Lymnaea_stagnalis:1.0,(Siphonaria_pectinata:0.0,Thelichoris:0.0)HTU42:1.0)HTU43:1.0)HTU45:1.0)HTU46:2.0)HTU47:1.0)HTU48:0.0)HTU49:1.0)HTU50:0.0)HTU51:6.0)HTU52:0.0)HTU56:1.0)HTU58:2.0)HTU61:7.0)HTU62:1.0)HTU40:4.0)HTU41:1.0)HTU36:9.0,(Venerupis_decussatus:63.0,((Artemia:39.0,Thermobius:14.0)HTU33:0.0,(Ilyanassa_obsoleta:1.0,Perotrochus_lucaya:0.0)HTU34:0.0)HTU35:0.0)HTU37:0.0)HTU38:3.0)HTU39:0.0)HTU32[701.0];
(Alentus:0.0,(Rhiphicephalus:22.0,((Venerupis_decussatus:63.0,((Artemia:39.0,Thermobius:14.0)HTU33:0.0,(Ilyanassa_obsoleta:1.0,Perotrochus_lucaya:0.0)HTU34:0.0)HTU35:0.0)HTU37:0.0,((Amblypygid:9.0,Pauroctonus:17.0)HTU36:1.0,(Aportus:28.0,((Lottia_gigantea:2.0,(Scaphopods:0.0,Vonones:0.0)HTU59:2.0)HTU60:0.0,((Limulus:0.0,Littorina_littorea:0.0)HTU57:1.0,((Yoldia_limatula:4.0,(Mytilus_californianus:9.0,(Lingula_anatina:4.0,Venerupis_philippinarum:5.0)HTU53:1.0)HTU54:15.0)HTU55:4.0,(Helobdella_robusta:16.0,(Crassostrea_virginica:28.0,(Aplysia_californica:14.0,(Centruoides:17.0,(Chanbria:12.0,(Americhernus:64.0,(Mastigoproctus:7.0,((Gea:19.0,Hadrurus:23.0)HTU44:3.0,(Hypochilus:2.0,(Lymnaea_stagnalis:1.0,(Siphonaria_pectinata:0.0,Thelichoris:0.0)HTU42:1.0)HTU43:1.0)HTU45:1.0)HTU46:2.0)HTU47:1.0)HTU48:0.0)HTU49:1.0)HTU50:0.0)HTU51:6.0)HTU52:0.0)HTU56:1.0)HTU58:2.0)HTU61:8.0)HTU62:1.0)HTU40:3.0)HTU41:3.0)HTU38:3.0)HTU39:0.0)HTU32[701.0];
(Alentus:0.0,(Rhiphicephalus:27.0,((Amblypygid:10.0,Pauroctonus:17.0)HTU35:7.0,(Venerupis_decussatus:0.0,(Perotrochus_lucaya:0.0,((Artemia:39.0,Thermobius:15.0)HTU33:5.0,(Ilyanassa_obsoleta:1.0,(Aportus:27.0,((Lottia_gigantea:2.0,(Scaphopods:0.0,Vonones:0.0)HTU58:2.0)HTU59:0.0,((Limulus:0.0,Littorina_littorea:0.0)HTU56:1.0,((Yoldia_limatula:4.0,(Mytilus_californianus:9.0,(Lingula_anatina:4.0,Venerupis_philippinarum:5.0)HTU52:1.0)HTU53:15.0)HTU54:4.0,(Helobdella_robusta:14.0,(Crassostrea_virginica:27.0,(Aplysia_californica:13.0,(Centruoides:17.0,(Chanbria:12.0,(Americhernus:64.0,(Mastigoproctus:7.0,((Gea:19.0,Hadrurus:23.0)HTU43:3.0,(Hypochilus:2.0,(Lymnaea_stagnalis:1.0,(Siphonaria_pectinata:0.0,Thelichoris:0.0)HTU41:1.0)HTU42:1.0)HTU44:1.0)HTU45:2.0)HTU46:1.0)HTU47:0.0)HTU48:1.0)HTU49:0.0)HTU50:6.0)HTU51:0.0)HTU55:1.0)HTU57:2.0)HTU60:9.0)HTU61:7.0)HTU62:0.0)HTU39:2.0)HTU40:0.0)HTU34:0.0)HTU36:1.0)HTU37:3.0)HTU38:0.0)HTU32[701.0];
(Alentus:0.0,(Rhiphicephalus:27.0,((Amblypygid:11.0,(Pauroctonus:16.0,((Limulus:0.0,Littorina_littorea:0.0)HTU61:1.0,((Lottia_gigantea:5.0,((Yoldia_limatula:4.0,(Mytilus_californianus:9.0,(Lingula_anatina:4.0,Venerupis_philippinarum:5.0)HTU54:1.0)HTU55:15.0)HTU56:5.0,(Helobdella_robusta:16.0,(Crassostrea_virginica:28.0,(Aplysia_californica:14.0,(Centruoides:14.0,(Chanbria:13.0,(Americhernus:64.0,(Mastigoproctus:7.0,((Gea:19.0,Hadrurus:23.0)HTU45:3.0,(Hypochilus:2.0,(Lymnaea_stagnalis:1.0,(Siphonaria_pectinata:0.0,Thelichoris:0.0)HTU43:1.0)HTU44:1.0)HTU46:1.0)HTU47:2.0)HTU48:1.0)HTU49:0.0)HTU50:2.0)HTU51:0.0)HTU52:6.0)HTU53:0.0)HTU57:1.0)HTU58:2.0)HTU59:0.0,(Scaphopods:0.0,Vonones:0.0)HTU60:5.0)HTU62:2.0)HTU41:0.0)HTU42:1.0)HTU37:10.0,(Venerupis_decussatus:64.0,((Artemia:38.0,Thermobius:12.0)HTU34:5.0,(Perotrochus_lucaya:0.0,(Aportus:0.0,Ilyanassa_obsoleta:0.0)HTU33:0.0)HTU35:12.0)HTU36:0.0)HTU38:1.0)HTU39:2.0)HTU40:0.0)HTU32[695.0];
