(Antarctic_neomeniomorph:102.0,(Cerebratulus_lacteus:123.0,(((Crassostrea_virginica:214.0,Euprymna_scolopes:96.5)HTU25:66.0,(Mytilus_californianus:111.5,(Scaphopods:215.0,((Chaetopleura_apiculata:87.5,Lymnaea_stagnalis:202.5)HTU26:31.0,(Solemya:137.0,(Octopus:147.0,Perotrochus_lucaya:57.0)HTU27:22.5)HTU28:18.0)HTU29:19.0)HTU30:25.5)HTU32:30.0)HTU31:18.5,(Ilyanassa_obsoleta:202.0,(((Greenland_neomeniomorph:111.5,Siphonaria_pectinata:214.0)HTU35:66.5,(Yoldia_limatula:204.5,(Lottia_gigantea:47.5,Venerupis_philippinarum:224.5)HTU37:20.5)HTU39:28.5)HTU41:39.0,((Lingula_anatina:228.0,((Aplysia_californica:58.5,Helobdella_robusta:212.5)HTU34:30.0,(Littorina_littorea:25.0,Venerupis_decussatus:259.5)HTU36:11.0)HTU38:44.0)HTU42:58.5,(Nautilus:95.5,Nucula:121.0)HTU45:27.0)HTU44:30.0)HTU43:30.0)HTU40:27.0)HTU33:66.5)HTU46:21.0)HTU24[1672.0];
(Antarctic_neomeniomorph:102.0,(Cerebratulus_lacteus:128.0,(((Crassostrea_virginica:213.5,Euprymna_scolopes:100.0)HTU25:66.5,(Mytilus_californianus:104.5,(Scaphopods:208.5,((Chaetopleura_apiculata:88.5,Lymnaea_stagnalis:202.5)HTU26:29.5,(Solemya:135.0,(Nautilus:88.5,(Octopus:149.0,Perotrochus_lucaya:56.0)HTU27:15.0)HTU28:20.0)HTU29:20.0)HTU30:18.5)HTU31:32.0)HTU33:35.5)HTU32:24.0,(Ilyanassa_obsoleta:201.5,(((Greenland_neomeniomorph:112.0,Siphonaria_pectinata:214.0)HTU36:66.0,(Yoldia_limatula:204.5,(Lottia_gigantea:47.0,Venerupis_philippinarum:224.5)HTU38:19.5)HTU40:27.0)HTU42:34.0,(Nucula:111.0,(Lingula_anatina:227.0,((Aplysia_californica:57.5,Helobdella_robusta:212.5)HTU35:30.0,(Littorina_littorea:25.0,Venerupis_decussatus:259.5)HTU37:12.0)HTU39:56.0)HTU43:67.5)HTU45:27.5)HTU44:33.5)HTU41:27.5)HTU34:58.5)HTU46:27.5)HTU24[1664.0];
(Antarctic_neomeniomorph:102.0,(Cerebratulus_lacteus:128.0,(((Crassostrea_virginica:213.5,Euprymna_scolopes:100.0)HTU25:66.5,(Mytilus_californianus:104.5,(Scaphopods:208.5,(Helobdella_robusta:213.5,((Chaetopleura_apiculata:89.0,Lymnaea_stagnalis:202.5)HTU26:30.0,(Solemya:135.5,(Nautilus:89.0,(Octopus:149.5,Perotrochus_lucaya:56.5)HTU27:15.0)HTU28:20.0)HTU29:19.0)HTU30:16.0)HTU31:13.0)HTU32:31.5)HTU34:35.5)HTU33:24.5,(Ilyanassa_obsoleta:201.5,(((Greenland_neomeniomorph:112.0,Siphonaria_pectinata:214.0)HTU36:66.0,(Yoldia_limatula:204.5,(Lottia_gigantea:47.0,Venerupis_philippinarum:224.5)HTU38:19.5)HTU40:27.0)HTU42:34.0,(Nucula:111.0,(Lingula_anatina:225.5,(Aplysia_californica:82.0,(Littorina_littorea:26.0,Venerupis_decussatus:258.5)HTU37:11.5)HTU39:56.0)HTU43:67.5)HTU45:29.0)HTU44:33.5)HTU41:27.5)HTU35:58.5)HTU46:27.5)HTU24[1663.0];
