(Alentus:74.0,(((Gea:92.5,((Artemia:76.0,(Crassostrea_virginica:112.0,Scaphopods:85.5)HTU50:3.5)HTU51:36.5,(Mytilus_californianus:102.5,((Chanbria:69.0,(Limulus:60.5,Siphonaria_pectinata:90.0)HTU46:7.0)HTU47:20.0,(Ilyanassa_obsoleta:77.0,Littorina_littorea:76.0)HTU48:7.0)HTU49:4.0)HTU52:7.0)HTU53:6.0)HTU54:7.5,(Amblypygid:71.5,(Thermobius:76.0,(Americhernus:101.5,Rhiphicephalus:73.5)HTU44:12.5)HTU45:16.5)HTU55:5.5)HTU56:4.0,((Venerupis_philippinarum:82.5,(Lingula_anatina:81.5,Venerupis_decussatus:111.5)HTU41:4.5)HTU42:27.5,(Centruoides:69.5,(Mastigoproctus:71.5,(Hadrurus:75.5,(((Hypochilus:61.0,(Aportus:90.0,Vonones:67.0)HTU35:18.5)HTU36:4.5,(Aplysia_californica:104.5,(Perotrochus_lucaya:76.5,(Lottia_gigantea:78.5,Thelichoris:60.5)HTU33:4.5)HTU34:5.5)HTU37:5.0)HTU38:19.0,(Lymnaea_stagnalis:82.5,(Pauroctonus:64.0,(Helobdella_robusta:88.5,Yoldia_limatula:85.0)HTU61:3.0)HTU62:4.0)HTU59:4.5)HTU60:3.0)HTU39:11.5)HTU40:3.5)HTU43:7.5)HTU57:9.0)HTU58:16.5)HTU32[722.0];
(Alentus:74.0,(((Gea:92.5,((Artemia:76.0,(Crassostrea_virginica:112.0,Scaphopods:85.5)HTU50:3.5)HTU51:36.5,(Mytilus_californianus:102.5,((Chanbria:69.0,(Limulus:60.5,Siphonaria_pectinata:90.0)HTU46:7.0)HTU47:20.0,(Ilyanassa_obsoleta:77.0,Littorina_littorea:76.0)HTU48:7.0)HTU49:4.0)HTU52:7.0)HTU53:6.0)HTU54:7.5,(Amblypygid:71.5,(Thermobius:76.0,(Americhernus:101.5,Rhiphicephalus:73.5)HTU44:12.5)HTU45:16.5)HTU55:5.5)HTU56:4.0,((Venerupis_philippinarum:82.5,(Lingula_anatina:81.5,Venerupis_decussatus:111.5)HTU41:4.5)HTU42:27.5,(Centruoides:69.5,(Mastigoproctus:71.5,(Hadrurus:75.5,(((Hypochilus:61.0,(Aportus:90.0,Vonones:67.0)HTU35:18.5)HTU36:4.5,(Aplysia_californica:104.5,(Perotrochus_lucaya:76.5,(Lottia_gigantea:78.5,Thelichoris:60.5)HTU33:4.5)HTU34:5.5)HTU37:5.0)HTU38:19.0,(Pauroctonus:64.0,(Lymnaea_stagnalis:82.5,(Helobdella_robusta:88.5,Yoldia_limatula:85.0)HTU61:4.5)HTU62:2.5)HTU59:4.5)HTU60:3.0)HTU39:11.5)HTU40:3.5)HTU43:7.5)HTU57:9.0)HTU58:16.5)HTU32[722.0];
(Alentus:70.5,(((Gea:84.5,(Mytilus_californianus:89.5,(Artemia:76.5,Scaphopods:81.5)HTU53:14.0)HTU54:30.5)HTU55:10.0,(Amblypygid:67.5,(Thermobius:71.5,(Americhernus:96.0,Rhiphicephalus:69.0)HTU51:12.0)HTU52:15.0)HTU56:6.0)HTU57:4.0,(((Lingula_anatina:82.0,Venerupis_decussatus:112.0)HTU47:4.0,(Chanbria:61.5,Venerupis_philippinarum:81.0)HTU48:5.0)HTU49:24.5,(Centruoides:71.0,(Mastigoproctus:66.5,(Hadrurus:84.5,((Hypochilus:65.5,((Aportus:92.0,Vonones:66.0)HTU39:12.0,(Limulus:61.5,(Siphonaria_pectinata:106.0,(Ilyanassa_obsoleta:77.5,Littorina_littorea:76.5)HTU37:7.0)HTU38:2.5)HTU40:7.0)HTU41:8.0)HTU42:6.5,(Crassostrea_virginica:114.5,(Aplysia_californica:99.5,((Helobdella_robusta:89.0,(Yoldia_limatula:86.0,(Lottia_gigantea:80.0,(Perotrochus_lucaya:76.5,Thelichoris:62.5)HTU62:3.0)HTU60:5.0)HTU61:4.0)HTU33:14.0,(Lymnaea_stagnalis:78.5,Pauroctonus:66.5)HTU34:12.5)HTU35:6.0)HTU36:4.5)HTU43:5.0)HTU44:9.0)HTU45:6.5)HTU46:4.0)HTU50:15.0)HTU58:11.5)HTU59:15.5)HTU32[722.0];
(Alentus:70.5,(((Gea:84.5,(Mytilus_californianus:89.5,(Artemia:76.5,Scaphopods:81.5)HTU53:14.0)HTU54:30.5)HTU55:10.0,(Amblypygid:67.5,(Thermobius:71.5,(Americhernus:96.0,Rhiphicephalus:69.0)HTU51:12.0)HTU52:15.0)HTU56:6.0)HTU57:4.0,(((Lingula_anatina:82.0,Venerupis_decussatus:112.0)HTU47:4.0,(Chanbria:61.5,Venerupis_philippinarum:81.0)HTU48:5.0)HTU49:24.5,(Centruoides:71.0,(Mastigoproctus:66.5,(Hadrurus:84.5,((Hypochilus:65.5,((Aportus:92.0,Vonones:66.0)HTU39:12.0,(Limulus:61.5,(Siphonaria_pectinata:106.0,(Ilyanassa_obsoleta:77.5,Littorina_littorea:76.5)HTU37:7.0)HTU38:2.5)HTU40:7.0)HTU41:8.0)HTU42:6.5,(Crassostrea_virginica:114.5,(Aplysia_californica:99.5,((Helobdella_robusta:89.0,(Yoldia_limatula:86.0,(Thelichoris:62.0,(Lottia_gigantea:80.0,Perotrochus_lucaya:77.0)HTU62:4.0)HTU60:3.5)HTU61:4.0)HTU33:14.0,(Lymnaea_stagnalis:78.5,Pauroctonus:66.5)HTU34:12.5)HTU35:6.0)HTU36:4.5)HTU43:5.0)HTU44:9.0)HTU45:6.5)HTU46:4.0)HTU50:15.0)HTU58:11.5)HTU59:15.5)HTU32[722.0];
(Alentus:70.5,((Centruoides:71.5,(Mastigoproctus:68.0,(Hadrurus:83.5,((Hypochilus:65.5,((Aportus:91.5,Vonones:65.5)HTU48:11.5,(Limulus:61.5,(Siphonaria_pectinata:106.0,(Ilyanassa_obsoleta:77.5,Littorina_littorea:76.5)HTU46:6.5)HTU47:2.5)HTU49:7.0)HTU50:8.0)HTU51:6.5,(Crassostrea_virginica:113.5,(Aplysia_californica:102.5,(((Helobdella_robusta:89.5,Yoldia_limatula:85.0)HTU40:4.5,(Lymnaea_stagnalis:78.5,Pauroctonus:66.5)HTU41:6.5)HTU42:11.0,(Perotrochus_lucaya:76.0,(Lottia_gigantea:78.0,Thelichoris:63.5)HTU39:4.5)HTU43:12.0)HTU44:5.5)HTU45:3.0)HTU52:5.0)HTU53:8.5)HTU54:6.5)HTU55:4.5)HTU56:13.5,((Gea:91.5,(Mytilus_californianus:85.5,(Scaphopods:97.5,(Artemia:109.0,(Lingula_anatina:80.5,(Venerupis_decussatus:108.0,(Chanbria:62.0,Venerupis_philippinarum:79.5)HTU62:4.5)HTU61:6.5)HTU59:13.0)HTU60:5.5)HTU35:6.0)HTU36:11.5)HTU37:6.0,(Amblypygid:70.0,(Thermobius:75.5,(Americhernus:101.0,Rhiphicephalus:73.0)HTU33:12.5)HTU34:17.5)HTU38:6.5)HTU57:9.5)HTU58:16.5)HTU32[722.0];
(Alentus:70.5,((Centruoides:71.5,(Mastigoproctus:68.0,(Hadrurus:83.5,((Hypochilus:65.5,((Aportus:91.5,Vonones:65.5)HTU48:11.5,(Limulus:61.5,(Siphonaria_pectinata:106.0,(Ilyanassa_obsoleta:77.5,Littorina_littorea:76.5)HTU46:6.5)HTU47:2.5)HTU49:7.0)HTU50:8.0)HTU51:6.5,(Crassostrea_virginica:113.5,(Aplysia_californica:102.5,(((Helobdella_robusta:89.5,Yoldia_limatula:85.0)HTU40:4.5,(Lymnaea_stagnalis:78.5,Pauroctonus:66.5)HTU41:6.5)HTU42:11.0,(Perotrochus_lucaya:76.0,(Lottia_gigantea:78.0,Thelichoris:63.5)HTU39:4.5)HTU43:12.0)HTU44:5.5)HTU45:3.0)HTU52:5.0)HTU53:8.5)HTU54:6.5)HTU55:4.5)HTU56:13.5,((Gea:91.5,(Mytilus_californianus:85.5,(Artemia:109.0,(Scaphopods:97.5,(Lingula_anatina:80.5,(Venerupis_decussatus:108.0,(Chanbria:62.0,Venerupis_philippinarum:79.5)HTU62:4.5)HTU61:6.5)HTU59:9.0)HTU60:10.5)HTU35:5.0)HTU36:11.5)HTU37:6.0,(Amblypygid:70.0,(Thermobius:75.5,(Americhernus:101.0,Rhiphicephalus:73.0)HTU33:12.5)HTU34:17.5)HTU38:6.5)HTU57:9.5)HTU58:16.5)HTU32[722.0];
(Alentus:75.0,((Centruoides:71.0,(Mastigoproctus:67.5,(Hadrurus:83.0,((Hypochilus:66.0,((Aportus:92.0,Vonones:66.0)HTU48:11.5,(Siphonaria_pectinata:107.5,(Limulus:62.0,(Ilyanassa_obsoleta:77.5,Littorina_littorea:76.5)HTU46:4.5)HTU47:3.0)HTU49:7.5)HTU50:8.0)HTU51:6.5,(Crassostrea_virginica:113.0,(Aplysia_californica:103.5,(((Helobdella_robusta:89.0,Yoldia_limatula:85.5)HTU40:3.5,(Lymnaea_stagnalis:78.5,Pauroctonus:66.0)HTU41:7.0)HTU42:11.5,(Perotrochus_lucaya:76.5,(Lottia_gigantea:77.5,Thelichoris:63.5)HTU39:4.5)HTU43:11.0)HTU44:5.0)HTU45:3.0)HTU52:5.0)HTU53:6.5)HTU54:6.5)HTU55:4.5)HTU56:8.5,((Gea:91.0,((Artemia:76.5,Scaphopods:79.5)HTU35:37.0,(Mytilus_californianus:83.5,(Lingula_anatina:80.5,(Venerupis_decussatus:108.5,(Chanbria:62.0,Venerupis_philippinarum:79.5)HTU62:4.0)HTU61:6.5)HTU59:7.5)HTU60:29.5)HTU36:8.5)HTU37:6.0,(Amblypygid:69.5,(Thermobius:75.0,(Americhernus:100.5,Rhiphicephalus:72.5)HTU33:12.5)HTU34:17.5)HTU38:6.5)HTU57:4.5)HTU58:16.5)HTU32[705.0];
(Alentus:75.0,(((Gea:93.0,(Mytilus_californianus:84.5,(Scaphopods:82.0,(Artemia:111.5,((Ilyanassa_obsoleta:77.0,Littorina_littorea:77.0)HTU54:4.0,(Siphonaria_pectinata:102.0,(Limulus:65.0,((Aportus:89.5,Vonones:64.5)HTU56:11.0,(Hypochilus:63.0,((Crassostrea_virginica:113.0,(Aplysia_californica:99.0,(((Helobdella_robusta:88.5,Yoldia_limatula:86.0)HTU48:4.5,(Lymnaea_stagnalis:78.5,Pauroctonus:67.5)HTU49:7.0)HTU50:11.5,(Perotrochus_lucaya:77.0,(Lottia_gigantea:78.0,Thelichoris:63.0)HTU47:4.5)HTU51:10.5)HTU52:9.0)HTU53:3.0)HTU60:5.0,(Hadrurus:83.0,Mastigoproctus:67.0)HTU62:4.5)HTU61:5.0)HTU59:9.0)HTU58:3.0)HTU57:4.5)HTU55:11.0)HTU45:5.5)HTU46:3.5)HTU38:24.5)HTU39:6.5)HTU40:5.5,(Amblypygid:72.0,(Thermobius:76.0,(Americhernus:101.5,Rhiphicephalus:73.5)HTU36:12.5)HTU37:16.0)HTU41:6.0)HTU42:3.5,(Centruoides:73.5,((Lingula_anatina:82.5,Venerupis_decussatus:110.5)HTU33:4.0,(Chanbria:62.5,Venerupis_philippinarum:80.0)HTU34:4.5)HTU35:13.0)HTU43:10.0)HTU44:16.5)HTU32[705.0];
(Alentus:75.0,(((Gea:93.0,(Mytilus_californianus:84.5,(Artemia:111.5,(Scaphopods:82.0,((Ilyanassa_obsoleta:77.0,Littorina_littorea:77.0)HTU54:4.0,(Siphonaria_pectinata:102.0,(Limulus:65.0,((Aportus:89.5,Vonones:64.5)HTU56:11.0,(Hypochilus:63.0,((Crassostrea_virginica:113.0,(Aplysia_californica:99.0,(((Helobdella_robusta:88.5,Yoldia_limatula:86.0)HTU48:4.5,(Lymnaea_stagnalis:78.5,Pauroctonus:67.5)HTU49:7.0)HTU50:11.5,(Perotrochus_lucaya:77.0,(Lottia_gigantea:78.0,Thelichoris:63.0)HTU47:4.5)HTU51:10.5)HTU52:9.0)HTU53:3.0)HTU60:5.0,(Hadrurus:83.0,Mastigoproctus:67.0)HTU62:4.5)HTU61:5.0)HTU59:9.0)HTU58:3.0)HTU57:4.5)HTU55:11.0)HTU45:5.0)HTU46:8.0)HTU38:20.5)HTU39:6.5)HTU40:5.5,(Amblypygid:72.0,(Thermobius:76.0,(Americhernus:101.5,Rhiphicephalus:73.5)HTU36:12.5)HTU37:16.0)HTU41:6.0)HTU42:3.5,(Centruoides:73.5,((Lingula_anatina:82.5,Venerupis_decussatus:110.5)HTU33:4.0,(Chanbria:62.5,Venerupis_philippinarum:80.0)HTU34:4.5)HTU35:13.0)HTU43:10.0)HTU44:16.5)HTU32[705.0];
(Alentus:75.0,(((Gea:93.0,(Mytilus_californianus:84.5,((Artemia:76.0,Scaphopods:79.5)HTU38:40.5,((Ilyanassa_obsoleta:77.0,Littorina_littorea:77.0)HTU54:4.0,(Siphonaria_pectinata:102.0,(Limulus:65.0,((Aportus:89.5,Vonones:64.5)HTU56:11.0,(Hypochilus:63.0,((Crassostrea_virginica:113.0,(Aplysia_californica:99.0,(((Helobdella_robusta:88.5,Yoldia_limatula:86.0)HTU48:4.5,(Lymnaea_stagnalis:78.5,Pauroctonus:67.5)HTU49:7.0)HTU50:11.5,(Perotrochus_lucaya:77.0,(Lottia_gigantea:78.0,Thelichoris:63.0)HTU47:4.5)HTU51:10.5)HTU52:9.0)HTU53:3.0)HTU60:5.0,(Hadrurus:83.0,Mastigoproctus:67.0)HTU62:4.5)HTU61:5.0)HTU59:9.0)HTU58:3.0)HTU57:4.5)HTU55:11.0)HTU45:5.5)HTU46:25.5)HTU39:6.5)HTU40:5.5,(Amblypygid:72.0,(Thermobius:76.0,(Americhernus:101.5,Rhiphicephalus:73.5)HTU36:12.5)HTU37:16.0)HTU41:6.0)HTU42:3.5,(Centruoides:73.5,((Lingula_anatina:82.5,Venerupis_decussatus:110.5)HTU33:4.0,(Chanbria:62.5,Venerupis_philippinarum:80.0)HTU34:4.5)HTU35:13.0)HTU43:10.0)HTU44:16.5)HTU32[705.0];
