digraph G {
	rankdir = LR;	edge [colorscheme=spectral11];	node [shape = none];

    0 [label=Alentus];
    1 [label=Amblypygid];
    2 [label=Americhernus];
    3 [label=Aportus];
    4 [label=Artemia];
    5 [label=Centruoides];
    6 [label=Chanbria];
    7 [label=Gea];
    8 [label=Hadrurus];
    9 [label=Hypochilus];
    10 [label=Limulus];
    11 [label=Mastigoproctus];
    12 [label=Pauroctonus];
    13 [label=Rhiphicephalus];
    14 [label=Thelichoris];
    15 [label=Thermobius];
    16 [label=Vonones];
    17 [label=HTU17];
    18 [label=HTU18];
    19 [label=HTU19];
    20 [label=HTU20];
    21 [label=HTU21];
    22 [label=HTU22];
    23 [label=HTU23];
    24 [label=HTU24];
    25 [label=HTU25];
    26 [label=HTU26];
    27 [label=HTU27];
    28 [label=HTU28];
    29 [label=HTU29];
    30 [label=HTU30];
    31 [label=HTU31];
    32 [label=HTU32];
    33 [label=HTU33];
    34 [label=HTU34];
    17 -> 0 [label=0.0];
    17 -> 20 [label=0.0];
    18 -> 9 [label=1.0];
    18 -> 15 [label=0.0];
    19 -> 5 [label=0.0];
    19 -> 29 [label=0.0];
    20 -> 21 [label=0.0];
    20 -> 25 [label=0.0];
    21 -> 22 [label=0.0];
    21 -> 31 [label=0.0];
    22 -> 18 [label=0.0];
    22 -> 24 [label=0.0];
    23 -> 10 [label=0.0];
    23 -> 12 [label=0.0];
    24 -> 14 [label=0.0];
    24 -> 34 [label=0.0];
    25 -> 7 [label=0.0];
    25 -> 26 [label=0.0];
    26 -> 11 [label=0.0];
    26 -> 19 [label=0.0];
    27 -> 6 [label=0.0];
    27 -> 28 [label=0.0];
    28 -> 13 [label=0.0];
    28 -> 16 [label=0.0];
    29 -> 1 [label=1.0];
    29 -> 33 [label=0.0];
    30 -> 3 [label=1.0];
    30 -> 4 [label=0.0];
    31 -> 30 [label=0.0];
    31 -> 32 [label=0.0];
    32 -> 2 [label=0.0];
    32 -> 23 [label=0.0];
    33 -> 8 [label=0.0];
    33 -> 34 [label=0.0];
    34 -> 27 [label=0.0];
}
//83.0
digraph G {
	rankdir = LR;	edge [colorscheme=spectral11];	node [shape = none];

    0 [label=Alentus];
    1 [label=Amblypygid];
    2 [label=Americhernus];
    3 [label=Aportus];
    4 [label=Artemia];
    5 [label=Centruoides];
    6 [label=Chanbria];
    7 [label=Gea];
    8 [label=Hadrurus];
    9 [label=Hypochilus];
    10 [label=Limulus];
    11 [label=Mastigoproctus];
    12 [label=Pauroctonus];
    13 [label=Rhiphicephalus];
    14 [label=Thelichoris];
    15 [label=Thermobius];
    16 [label=Vonones];
    17 [label=HTU17];
    18 [label=HTU18];
    19 [label=HTU19];
    20 [label=HTU20];
    21 [label=HTU21];
    22 [label=HTU22];
    23 [label=HTU23];
    24 [label=HTU24];
    25 [label=HTU25];
    26 [label=HTU26];
    27 [label=HTU27];
    28 [label=HTU28];
    29 [label=HTU29];
    30 [label=HTU30];
    31 [label=HTU31];
    32 [label=HTU32];
    33 [label=HTU33];
    34 [label=HTU34];
    17 -> 0 [label=0.0];
    17 -> 20 [label=0.0];
    18 -> 9 [label=1.0];
    18 -> 22 [label=0.0];
    19 -> 5 [label=0.0];
    19 -> 29 [label=0.0];
    20 -> 21 [label=0.0];
    20 -> 25 [label=0.0];
    21 -> 18 [label=0.0];
    21 -> 31 [label=0.0];
    22 -> 15 [label=0.0];
    22 -> 24 [label=0.0];
    23 -> 10 [label=0.0];
    23 -> 12 [label=0.0];
    24 -> 14 [label=0.0];
    24 -> 34 [label=0.0];
    25 -> 7 [label=0.0];
    25 -> 26 [label=0.0];
    26 -> 11 [label=0.0];
    26 -> 19 [label=0.0];
    27 -> 6 [label=0.0];
    27 -> 28 [label=0.0];
    28 -> 13 [label=0.0];
    28 -> 16 [label=0.0];
    29 -> 1 [label=1.0];
    29 -> 33 [label=0.0];
    30 -> 3 [label=1.0];
    30 -> 4 [label=0.0];
    31 -> 30 [label=0.0];
    31 -> 32 [label=0.0];
    32 -> 2 [label=0.0];
    32 -> 23 [label=0.0];
    33 -> 8 [label=0.0];
    33 -> 34 [label=0.0];
    34 -> 27 [label=0.0];
}
//83.0
digraph G {
	rankdir = LR;	edge [colorscheme=spectral11];	node [shape = none];

    0 [label=Alentus];
    1 [label=Amblypygid];
    2 [label=Americhernus];
    3 [label=Aportus];
    4 [label=Artemia];
    5 [label=Centruoides];
    6 [label=Chanbria];
    7 [label=Gea];
    8 [label=Hadrurus];
    9 [label=Hypochilus];
    10 [label=Limulus];
    11 [label=Mastigoproctus];
    12 [label=Pauroctonus];
    13 [label=Rhiphicephalus];
    14 [label=Thelichoris];
    15 [label=Thermobius];
    16 [label=Vonones];
    17 [label=HTU17];
    18 [label=HTU18];
    19 [label=HTU19];
    20 [label=HTU20];
    21 [label=HTU21];
    22 [label=HTU22];
    23 [label=HTU23];
    24 [label=HTU24];
    25 [label=HTU25];
    26 [label=HTU26];
    27 [label=HTU27];
    28 [label=HTU28];
    29 [label=HTU29];
    30 [label=HTU30];
    31 [label=HTU31];
    32 [label=HTU32];
    33 [label=HTU33];
    34 [label=HTU34];
    17 -> 0 [label=0.0];
    17 -> 20 [label=0.0];
    18 -> 9 [label=0.0];
    18 -> 14 [label=0.0];
    19 -> 5 [label=0.0];
    19 -> 29 [label=0.0];
    20 -> 21 [label=0.0];
    20 -> 25 [label=0.0];
    21 -> 22 [label=0.0];
    21 -> 31 [label=0.0];
    22 -> 15 [label=0.0];
    22 -> 24 [label=0.0];
    23 -> 10 [label=0.0];
    23 -> 12 [label=0.0];
    24 -> 18 [label=0.0];
    24 -> 34 [label=0.0];
    25 -> 7 [label=0.0];
    25 -> 26 [label=0.0];
    26 -> 11 [label=0.0];
    26 -> 19 [label=0.0];
    27 -> 6 [label=0.0];
    27 -> 28 [label=0.0];
    28 -> 13 [label=0.0];
    28 -> 16 [label=0.0];
    29 -> 1 [label=1.0];
    29 -> 33 [label=0.0];
    30 -> 3 [label=1.0];
    30 -> 4 [label=0.0];
    31 -> 30 [label=0.0];
    31 -> 32 [label=0.0];
    32 -> 2 [label=0.0];
    32 -> 23 [label=0.0];
    33 -> 8 [label=0.0];
    33 -> 34 [label=0.0];
    34 -> 27 [label=0.0];
}
//83.0
digraph G {
	rankdir = LR;	edge [colorscheme=spectral11];	node [shape = none];

    0 [label=Alentus];
    1 [label=Amblypygid];
    2 [label=Americhernus];
    3 [label=Aportus];
    4 [label=Artemia];
    5 [label=Centruoides];
    6 [label=Chanbria];
    7 [label=Gea];
    8 [label=Hadrurus];
    9 [label=Hypochilus];
    10 [label=Limulus];
    11 [label=Mastigoproctus];
    12 [label=Pauroctonus];
    13 [label=Rhiphicephalus];
    14 [label=Thelichoris];
    15 [label=Thermobius];
    16 [label=Vonones];
    17 [label=HTU17];
    18 [label=HTU18];
    19 [label=HTU19];
    20 [label=HTU20];
    21 [label=HTU21];
    22 [label=HTU22];
    23 [label=HTU23];
    24 [label=HTU24];
    25 [label=HTU25];
    26 [label=HTU26];
    27 [label=HTU27];
    28 [label=HTU28];
    29 [label=HTU29];
    30 [label=HTU30];
    31 [label=HTU31];
    32 [label=HTU32];
    33 [label=HTU33];
    34 [label=HTU34];
    17 -> 0 [label=0.0];
    17 -> 20 [label=0.0];
    18 -> 9 [label=0.0];
    18 -> 24 [label=0.0];
    19 -> 5 [label=0.0];
    19 -> 29 [label=0.0];
    20 -> 21 [label=0.0];
    20 -> 25 [label=0.0];
    21 -> 22 [label=0.0];
    21 -> 31 [label=0.0];
    22 -> 15 [label=0.0];
    22 -> 18 [label=0.0];
    23 -> 10 [label=0.0];
    23 -> 12 [label=0.0];
    24 -> 14 [label=0.0];
    24 -> 34 [label=0.0];
    25 -> 7 [label=0.0];
    25 -> 26 [label=0.0];
    26 -> 11 [label=0.0];
    26 -> 19 [label=0.0];
    27 -> 6 [label=0.0];
    27 -> 28 [label=0.0];
    28 -> 13 [label=0.0];
    28 -> 16 [label=0.0];
    29 -> 1 [label=1.0];
    29 -> 33 [label=0.0];
    30 -> 3 [label=1.0];
    30 -> 4 [label=0.0];
    31 -> 30 [label=0.0];
    31 -> 32 [label=0.0];
    32 -> 2 [label=0.0];
    32 -> 23 [label=0.0];
    33 -> 8 [label=0.0];
    33 -> 34 [label=0.0];
    34 -> 27 [label=0.0];
}
//83.0
digraph G {
	rankdir = LR;	edge [colorscheme=spectral11];	node [shape = none];

    0 [label=Alentus];
    1 [label=Amblypygid];
    2 [label=Americhernus];
    3 [label=Aportus];
    4 [label=Artemia];
    5 [label=Centruoides];
    6 [label=Chanbria];
    7 [label=Gea];
    8 [label=Hadrurus];
    9 [label=Hypochilus];
    10 [label=Limulus];
    11 [label=Mastigoproctus];
    12 [label=Pauroctonus];
    13 [label=Rhiphicephalus];
    14 [label=Thelichoris];
    15 [label=Thermobius];
    16 [label=Vonones];
    17 [label=HTU17];
    18 [label=HTU18];
    19 [label=HTU19];
    20 [label=HTU20];
    21 [label=HTU21];
    22 [label=HTU22];
    23 [label=HTU23];
    24 [label=HTU24];
    25 [label=HTU25];
    26 [label=HTU26];
    27 [label=HTU27];
    28 [label=HTU28];
    29 [label=HTU29];
    30 [label=HTU30];
    31 [label=HTU31];
    32 [label=HTU32];
    33 [label=HTU33];
    34 [label=HTU34];
    17 -> 0 [label=0.0];
    17 -> 20 [label=0.0];
    18 -> 9 [label=0.0];
    18 -> 34 [label=0.0];
    19 -> 5 [label=0.0];
    19 -> 29 [label=0.0];
    20 -> 21 [label=0.0];
    20 -> 25 [label=0.0];
    21 -> 22 [label=0.0];
    21 -> 31 [label=0.0];
    22 -> 15 [label=0.0];
    22 -> 24 [label=0.0];
    23 -> 10 [label=0.0];
    23 -> 12 [label=0.0];
    24 -> 14 [label=0.0];
    24 -> 18 [label=0.0];
    25 -> 7 [label=0.0];
    25 -> 26 [label=0.0];
    26 -> 11 [label=0.0];
    26 -> 19 [label=0.0];
    27 -> 6 [label=0.0];
    27 -> 28 [label=0.0];
    28 -> 13 [label=0.0];
    28 -> 16 [label=0.0];
    29 -> 1 [label=1.0];
    29 -> 33 [label=0.0];
    30 -> 3 [label=1.0];
    30 -> 4 [label=0.0];
    31 -> 30 [label=0.0];
    31 -> 32 [label=0.0];
    32 -> 2 [label=0.0];
    32 -> 23 [label=0.0];
    33 -> 8 [label=0.0];
    33 -> 34 [label=0.0];
    34 -> 27 [label=0.0];
}
//83.0
digraph G {
	rankdir = LR;	edge [colorscheme=spectral11];	node [shape = none];

    0 [label=Alentus];
    1 [label=Amblypygid];
    2 [label=Americhernus];
    3 [label=Aportus];
    4 [label=Artemia];
    5 [label=Centruoides];
    6 [label=Chanbria];
    7 [label=Gea];
    8 [label=Hadrurus];
    9 [label=Hypochilus];
    10 [label=Limulus];
    11 [label=Mastigoproctus];
    12 [label=Pauroctonus];
    13 [label=Rhiphicephalus];
    14 [label=Thelichoris];
    15 [label=Thermobius];
    16 [label=Vonones];
    17 [label=HTU17];
    18 [label=HTU18];
    19 [label=HTU19];
    20 [label=HTU20];
    21 [label=HTU21];
    22 [label=HTU22];
    23 [label=HTU23];
    24 [label=HTU24];
    25 [label=HTU25];
    26 [label=HTU26];
    27 [label=HTU27];
    28 [label=HTU28];
    29 [label=HTU29];
    30 [label=HTU30];
    31 [label=HTU31];
    32 [label=HTU32];
    33 [label=HTU33];
    34 [label=HTU34];
    17 -> 0 [label=0.0];
    17 -> 20 [label=0.0];
    18 -> 9 [label=1.0];
    18 -> 15 [label=0.0];
    19 -> 1 [label=1.0];
    19 -> 5 [label=0.0];
    20 -> 21 [label=0.0];
    20 -> 29 [label=0.0];
    21 -> 22 [label=0.0];
    21 -> 30 [label=0.0];
    22 -> 18 [label=0.0];
    22 -> 24 [label=0.0];
    23 -> 10 [label=0.0];
    23 -> 12 [label=0.0];
    24 -> 14 [label=0.0];
    24 -> 25 [label=0.0];
    25 -> 7 [label=0.0];
    25 -> 34 [label=0.0];
    26 -> 11 [label=0.0];
    26 -> 27 [label=0.0];
    27 -> 6 [label=0.0];
    27 -> 28 [label=0.0];
    28 -> 13 [label=0.0];
    28 -> 33 [label=0.0];
    29 -> 32 [label=0.0];
    29 -> 34 [label=0.0];
    30 -> 3 [label=1.0];
    30 -> 4 [label=0.0];
    31 -> 8 [label=0.0];
    31 -> 19 [label=0.0];
    32 -> 2 [label=0.0];
    32 -> 23 [label=0.0];
    33 -> 16 [label=0.0];
    33 -> 31 [label=0.0];
    34 -> 26 [label=0.0];
}
//83.0
digraph G {
	rankdir = LR;	edge [colorscheme=spectral11];	node [shape = none];

    0 [label=Alentus];
    1 [label=Amblypygid];
    2 [label=Americhernus];
    3 [label=Aportus];
    4 [label=Artemia];
    5 [label=Centruoides];
    6 [label=Chanbria];
    7 [label=Gea];
    8 [label=Hadrurus];
    9 [label=Hypochilus];
    10 [label=Limulus];
    11 [label=Mastigoproctus];
    12 [label=Pauroctonus];
    13 [label=Rhiphicephalus];
    14 [label=Thelichoris];
    15 [label=Thermobius];
    16 [label=Vonones];
    17 [label=HTU17];
    18 [label=HTU18];
    19 [label=HTU19];
    20 [label=HTU20];
    21 [label=HTU21];
    22 [label=HTU22];
    23 [label=HTU23];
    24 [label=HTU24];
    25 [label=HTU25];
    26 [label=HTU26];
    27 [label=HTU27];
    28 [label=HTU28];
    29 [label=HTU29];
    30 [label=HTU30];
    31 [label=HTU31];
    32 [label=HTU32];
    33 [label=HTU33];
    34 [label=HTU34];
    17 -> 0 [label=0.0];
    17 -> 20 [label=0.0];
    18 -> 9 [label=1.0];
    18 -> 22 [label=0.0];
    19 -> 1 [label=1.0];
    19 -> 5 [label=0.0];
    20 -> 21 [label=0.0];
    20 -> 29 [label=0.0];
    21 -> 18 [label=0.0];
    21 -> 30 [label=0.0];
    22 -> 15 [label=0.0];
    22 -> 24 [label=0.0];
    23 -> 10 [label=0.0];
    23 -> 12 [label=0.0];
    24 -> 14 [label=0.0];
    24 -> 25 [label=0.0];
    25 -> 7 [label=0.0];
    25 -> 34 [label=0.0];
    26 -> 11 [label=0.0];
    26 -> 27 [label=0.0];
    27 -> 6 [label=0.0];
    27 -> 28 [label=0.0];
    28 -> 13 [label=0.0];
    28 -> 33 [label=0.0];
    29 -> 32 [label=0.0];
    29 -> 34 [label=0.0];
    30 -> 3 [label=1.0];
    30 -> 4 [label=0.0];
    31 -> 8 [label=0.0];
    31 -> 19 [label=0.0];
    32 -> 2 [label=0.0];
    32 -> 23 [label=0.0];
    33 -> 16 [label=0.0];
    33 -> 31 [label=0.0];
    34 -> 26 [label=0.0];
}
//83.0
digraph G {
	rankdir = LR;	edge [colorscheme=spectral11];	node [shape = none];

    0 [label=Alentus];
    1 [label=Amblypygid];
    2 [label=Americhernus];
    3 [label=Aportus];
    4 [label=Artemia];
    5 [label=Centruoides];
    6 [label=Chanbria];
    7 [label=Gea];
    8 [label=Hadrurus];
    9 [label=Hypochilus];
    10 [label=Limulus];
    11 [label=Mastigoproctus];
    12 [label=Pauroctonus];
    13 [label=Rhiphicephalus];
    14 [label=Thelichoris];
    15 [label=Thermobius];
    16 [label=Vonones];
    17 [label=HTU17];
    18 [label=HTU18];
    19 [label=HTU19];
    20 [label=HTU20];
    21 [label=HTU21];
    22 [label=HTU22];
    23 [label=HTU23];
    24 [label=HTU24];
    25 [label=HTU25];
    26 [label=HTU26];
    27 [label=HTU27];
    28 [label=HTU28];
    29 [label=HTU29];
    30 [label=HTU30];
    31 [label=HTU31];
    32 [label=HTU32];
    33 [label=HTU33];
    34 [label=HTU34];
    17 -> 0 [label=0.0];
    17 -> 20 [label=0.0];
    18 -> 9 [label=0.0];
    18 -> 24 [label=0.0];
    19 -> 1 [label=1.0];
    19 -> 5 [label=0.0];
    20 -> 21 [label=0.0];
    20 -> 29 [label=0.0];
    21 -> 22 [label=0.0];
    21 -> 30 [label=0.0];
    22 -> 15 [label=0.0];
    22 -> 18 [label=0.0];
    23 -> 10 [label=0.0];
    23 -> 12 [label=0.0];
    24 -> 14 [label=0.0];
    24 -> 25 [label=0.0];
    25 -> 7 [label=0.0];
    25 -> 34 [label=0.0];
    26 -> 11 [label=0.0];
    26 -> 27 [label=0.0];
    27 -> 6 [label=0.0];
    27 -> 28 [label=0.0];
    28 -> 13 [label=0.0];
    28 -> 33 [label=0.0];
    29 -> 32 [label=0.0];
    29 -> 34 [label=0.0];
    30 -> 3 [label=1.0];
    30 -> 4 [label=0.0];
    31 -> 8 [label=0.0];
    31 -> 19 [label=0.0];
    32 -> 2 [label=0.0];
    32 -> 23 [label=0.0];
    33 -> 16 [label=0.0];
    33 -> 31 [label=0.0];
    34 -> 26 [label=0.0];
}
//83.0
digraph G {
	rankdir = LR;	edge [colorscheme=spectral11];	node [shape = none];

    0 [label=Alentus];
    1 [label=Amblypygid];
    2 [label=Americhernus];
    3 [label=Aportus];
    4 [label=Artemia];
    5 [label=Centruoides];
    6 [label=Chanbria];
    7 [label=Gea];
    8 [label=Hadrurus];
    9 [label=Hypochilus];
    10 [label=Limulus];
    11 [label=Mastigoproctus];
    12 [label=Pauroctonus];
    13 [label=Rhiphicephalus];
    14 [label=Thelichoris];
    15 [label=Thermobius];
    16 [label=Vonones];
    17 [label=HTU17];
    18 [label=HTU18];
    19 [label=HTU19];
    20 [label=HTU20];
    21 [label=HTU21];
    22 [label=HTU22];
    23 [label=HTU23];
    24 [label=HTU24];
    25 [label=HTU25];
    26 [label=HTU26];
    27 [label=HTU27];
    28 [label=HTU28];
    29 [label=HTU29];
    30 [label=HTU30];
    31 [label=HTU31];
    32 [label=HTU32];
    33 [label=HTU33];
    34 [label=HTU34];
    17 -> 0 [label=0.0];
    17 -> 20 [label=0.0];
    18 -> 9 [label=0.0];
    18 -> 14 [label=0.0];
    19 -> 1 [label=1.0];
    19 -> 5 [label=0.0];
    20 -> 21 [label=0.0];
    20 -> 29 [label=0.0];
    21 -> 22 [label=0.0];
    21 -> 30 [label=0.0];
    22 -> 15 [label=0.0];
    22 -> 24 [label=0.0];
    23 -> 10 [label=0.0];
    23 -> 12 [label=0.0];
    24 -> 18 [label=0.0];
    24 -> 25 [label=0.0];
    25 -> 7 [label=0.0];
    25 -> 34 [label=0.0];
    26 -> 11 [label=0.0];
    26 -> 27 [label=0.0];
    27 -> 6 [label=0.0];
    27 -> 28 [label=0.0];
    28 -> 13 [label=0.0];
    28 -> 33 [label=0.0];
    29 -> 32 [label=0.0];
    29 -> 34 [label=0.0];
    30 -> 3 [label=1.0];
    30 -> 4 [label=0.0];
    31 -> 8 [label=0.0];
    31 -> 19 [label=0.0];
    32 -> 2 [label=0.0];
    32 -> 23 [label=0.0];
    33 -> 16 [label=0.0];
    33 -> 31 [label=0.0];
    34 -> 26 [label=0.0];
}
//83.0
digraph G {
	rankdir = LR;	edge [colorscheme=spectral11];	node [shape = none];

    0 [label=Alentus];
    1 [label=Amblypygid];
    2 [label=Americhernus];
    3 [label=Aportus];
    4 [label=Artemia];
    5 [label=Centruoides];
    6 [label=Chanbria];
    7 [label=Gea];
    8 [label=Hadrurus];
    9 [label=Hypochilus];
    10 [label=Limulus];
    11 [label=Mastigoproctus];
    12 [label=Pauroctonus];
    13 [label=Rhiphicephalus];
    14 [label=Thelichoris];
    15 [label=Thermobius];
    16 [label=Vonones];
    17 [label=HTU17];
    18 [label=HTU18];
    19 [label=HTU19];
    20 [label=HTU20];
    21 [label=HTU21];
    22 [label=HTU22];
    23 [label=HTU23];
    24 [label=HTU24];
    25 [label=HTU25];
    26 [label=HTU26];
    27 [label=HTU27];
    28 [label=HTU28];
    29 [label=HTU29];
    30 [label=HTU30];
    31 [label=HTU31];
    32 [label=HTU32];
    33 [label=HTU33];
    34 [label=HTU34];
    17 -> 0 [label=0.0];
    17 -> 20 [label=0.0];
    18 -> 9 [label=0.0];
    18 -> 25 [label=0.0];
    19 -> 1 [label=1.0];
    19 -> 5 [label=0.0];
    20 -> 21 [label=0.0];
    20 -> 29 [label=0.0];
    21 -> 22 [label=0.0];
    21 -> 30 [label=0.0];
    22 -> 15 [label=0.0];
    22 -> 24 [label=0.0];
    23 -> 10 [label=0.0];
    23 -> 12 [label=0.0];
    24 -> 14 [label=0.0];
    24 -> 18 [label=0.0];
    25 -> 7 [label=0.0];
    25 -> 34 [label=0.0];
    26 -> 11 [label=0.0];
    26 -> 27 [label=0.0];
    27 -> 6 [label=0.0];
    27 -> 28 [label=0.0];
    28 -> 13 [label=0.0];
    28 -> 33 [label=0.0];
    29 -> 32 [label=0.0];
    29 -> 34 [label=0.0];
    30 -> 3 [label=1.0];
    30 -> 4 [label=0.0];
    31 -> 8 [label=0.0];
    31 -> 19 [label=0.0];
    32 -> 2 [label=0.0];
    32 -> 23 [label=0.0];
    33 -> 16 [label=0.0];
    33 -> 31 [label=0.0];
    34 -> 26 [label=0.0];
}
//83.0
