(Alentus:58.0,(Helobdella_robusta:83.0,(Aportus:67.5,(Thermobius:79.0,((Pauroctonus:75.0,(Centruoides:71.0,(Rhiphicephalus:96.0,(((Lymnaea_stagnalis:77.0,Mastigoproctus:63.0)HTU42:7.5,(Siphonaria_pectinata:86.5,(Aplysia_californica:85.0,Artemia:74.5)HTU44:3.0)HTU43:50.0)HTU41:11.5,(Ilyanassa_obsoleta:76.5,((Chanbria:71.0,(Amblypygid:71.0,(Americhernus:117.5,(Hadrurus:80.0,(Gea:91.0,(Littorina_littorea:75.0,Vonones:69.0)HTU52:10.5)HTU51:8.5)HTU50:9.5)HTU49:9.0)HTU48:9.0)HTU47:4.5,(Perotrochus_lucaya:75.5,((Venerupis_decussatus:122.5,(Lottia_gigantea:81.0,(Scaphopods:83.5,(Crassostrea_virginica:113.0,(Limulus:63.5,Yoldia_limatula:77.5)HTU59:10.0)HTU58:5.0)HTU57:4.0)HTU56:19.5)HTU55:3.0,(Mytilus_californianus:84.5,(Lingula_anatina:82.5,Venerupis_philippinarum:84.0)HTU61:6.5)HTU60:9.0)HTU54:19.5)HTU53:6.5)HTU46:5.0)HTU45:9.0)HTU40:11.0)HTU39:7.5)HTU38:5.0)HTU37:6.5,(Hypochilus:59.0,Thelichoris:63.0)HTU62:15.0)HTU36:16.0)HTU35:24.5)HTU34:4.0)HTU33:2.5)HTU32[715.0];
(Alentus:55.0,(Aportus:62.5,((Thermobius:77.5,(Artemia:101.0,(Pauroctonus:70.5,(Centruoides:68.0,(Thelichoris:64.5,(Hypochilus:62.0,(Vonones:72.5,(Mastigoproctus:70.5,(Venerupis_decussatus:120.0,((Ilyanassa_obsoleta:76.5,((Helobdella_robusta:89.5,(Lottia_gigantea:80.0,(Scaphopods:82.5,(Lymnaea_stagnalis:79.0,((Crassostrea_virginica:88.0,Rhiphicephalus:64.5)HTU52:18.0,(Aplysia_californica:82.5,Siphonaria_pectinata:88.5)HTU53:7.5)HTU51:17.0)HTU50:7.5)HTU49:4.0)HTU48:3.0)HTU47:5.0,(Littorina_littorea:76.5,Perotrochus_lucaya:75.5)HTU54:2.5)HTU46:3.0)HTU45:21.5,(Mytilus_californianus:84.0,(Lingula_anatina:82.0,Venerupis_philippinarum:83.5)HTU56:6.5)HTU55:7.0)HTU44:3.0)HTU43:25.5)HTU42:6.5)HTU41:12.0)HTU40:4.0)HTU39:12.5)HTU38:5.5)HTU37:17.5)HTU36:7.5)HTU35:12.0,(Amblypygid:71.5,(Americhernus:112.5,(Hadrurus:81.0,(Chanbria:70.0,(Limulus:66.0,(Gea:71.0,Yoldia_limatula:81.5)HTU62:23.5)HTU61:5.5)HTU60:14.0)HTU59:11.0)HTU58:7.0)HTU57:12.5)HTU34:26.0)HTU33:3.0)HTU32[702.0];
(Alentus:59.5,((Mastigoproctus:70.0,((Hadrurus:75.5,(Gea:86.5,(Artemia:107.0,(Vonones:69.0,(Limulus:64.5,(Chanbria:72.0,(Amblypygid:71.5,(Thermobius:89.5,(Centruoides:76.0,((Americhernus:99.0,(Crassostrea_virginica:86.5,Rhiphicephalus:67.5)HTU47:11.0)HTU46:25.5,(Hypochilus:58.5,Thelichoris:63.5)HTU48:15.0)HTU45:4.5)HTU44:4.0)HTU43:6.5)HTU42:9.0)HTU41:4.0)HTU40:9.5)HTU39:7.0)HTU38:13.5)HTU37:9.5)HTU36:28.5,((Lottia_gigantea:79.0,((Lymnaea_stagnalis:78.0,((Helobdella_robusta:88.5,(Venerupis_decussatus:131.0,(Pauroctonus:64.0,Yoldia_limatula:77.0)HTU56:5.0)HTU55:8.5)HTU54:8.5,(Aplysia_californica:84.5,Siphonaria_pectinata:85.5)HTU57:19.0)HTU53:3.0)HTU52:6.5,(Mytilus_californianus:83.5,(Lingula_anatina:81.5,Venerupis_philippinarum:83.0)HTU59:7.0)HTU58:23.5)HTU51:6.0)HTU50:3.5,(Ilyanassa_obsoleta:75.5,(Littorina_littorea:75.0,Perotrochus_lucaya:74.0)HTU61:3.0)HTU60:3.5)HTU49:6.0)HTU35:17.0)HTU34:34.5,(Aportus:62.5,Scaphopods:78.0)HTU62:7.0)HTU33:3.0)HTU32[697.0];
(Alentus:59.5,((Venerupis_decussatus:113.0,(Aportus:61.5,Mytilus_californianus:80.0)HTU35:7.0)HTU34:6.5,(Rhiphicephalus:78.0,(Americhernus:102.5,(Gea:84.5,(Hypochilus:61.5,(Vonones:80.0,(Thelichoris:67.5,(Thermobius:95.0,(Centruoides:71.5,(Mastigoproctus:67.0,(((Limulus:64.5,Lingula_anatina:78.5)HTU47:12.0,(Amblypygid:75.0,(((Scaphopods:82.0,(Ilyanassa_obsoleta:74.5,(Perotrochus_lucaya:73.5,(Yoldia_limatula:81.0,(Crassostrea_virginica:86.5,Hadrurus:70.0)HTU55:26.5)HTU54:7.0)HTU53:3.0)HTU52:3.0)HTU51:16.5,(Littorina_littorea:74.0,(Lymnaea_stagnalis:74.5,(Siphonaria_pectinata:84.0,(Aplysia_californica:82.0,Artemia:75.0)HTU59:2.5)HTU58:17.5)HTU57:9.5)HTU56:32.5)HTU50:11.5,(Lottia_gigantea:78.5,(Chanbria:62.0,Helobdella_robusta:81.5)HTU61:10.0)HTU60:13.0)HTU49:12.5)HTU48:20.5)HTU46:8.0,(Pauroctonus:67.5,Venerupis_philippinarum:80.0)HTU62:14.0)HTU45:7.5)HTU44:3.0)HTU43:5.5)HTU42:6.0)HTU41:3.0)HTU40:5.0)HTU39:5.5)HTU38:27.0)HTU37:7.0)HTU36:28.5)HTU33:3.5)HTU32[687.0];
(Alentus:59.0,(Aportus:67.5,(((Amblypygid:74.0,(Rhiphicephalus:75.0,(Americhernus:75.5,Littorina_littorea:74.0)HTU38:27.0)HTU37:20.5)HTU36:7.0,(Yoldia_limatula:83.0,(Crassostrea_virginica:89.0,Vonones:65.0)HTU40:27.0)HTU39:12.0)HTU35:4.5,(Thermobius:84.0,((((Venerupis_philippinarum:83.0,(Lingula_anatina:82.5,(Venerupis_decussatus:112.5,(Chanbria:62.0,Mytilus_californianus:80.5)HTU48:7.0)HTU47:4.0)HTU46:5.0)HTU45:33.0,(Scaphopods:82.5,(Lymnaea_stagnalis:76.5,(Siphonaria_pectinata:86.0,(Aplysia_californica:84.0,Artemia:75.0)HTU52:2.5)HTU51:17.5)HTU50:9.5)HTU49:36.0)HTU44:11.5,(Gea:71.0,Ilyanassa_obsoleta:77.0)HTU53:21.5)HTU43:5.5,(Mastigoproctus:68.5,(Thelichoris:69.0,((Helobdella_robusta:89.5,(Centruoides:64.0,Lottia_gigantea:77.0)HTU58:3.5)HTU57:9.5,(Hadrurus:82.0,(Hypochilus:71.0,(Limulus:71.5,(Pauroctonus:67.0,Perotrochus_lucaya:75.0)HTU62:7.0)HTU61:5.5)HTU60:4.0)HTU59:6.0)HTU56:7.0)HTU55:4.0)HTU54:5.5)HTU42:15.0)HTU41:4.5)HTU34:25.5)HTU33:3.0)HTU32[667.0];
(Alentus:59.0,(Aportus:67.0,((Limulus:70.5,(Americhernus:111.0,(Lingula_anatina:82.5,(Littorina_littorea:76.0,(Perotrochus_lucaya:75.5,((Vonones:70.0,(Amblypygid:64.0,Siphonaria_pectinata:91.0)HTU42:11.5)HTU41:27.0,(Scaphopods:83.0,(Lottia_gigantea:80.5,(Crassostrea_virginica:113.0,(Aplysia_californica:102.5,(Ilyanassa_obsoleta:80.0,((Thermobius:77.5,(Artemia:99.0,((Centruoides:66.5,(Chanbria:72.5,(Lymnaea_stagnalis:79.0,Mastigoproctus:61.0)HTU54:8.0)HTU53:9.5)HTU52:7.0,(Hadrurus:69.5,Pauroctonus:59.5)HTU55:14.5)HTU51:18.0)HTU50:9.0)HTU49:10.5,(Helobdella_robusta:89.0,(Rhiphicephalus:66.5,Yoldia_limatula:78.0)HTU57:10.0)HTU56:20.5)HTU48:4.5)HTU47:4.5)HTU46:3.0)HTU45:7.0)HTU44:3.5)HTU43:5.5)HTU40:8.5)HTU39:3.0)HTU38:26.5)HTU37:3.5)HTU36:13.5)HTU35:4.0,((Gea:67.5,Venerupis_philippinarum:81.0)HTU59:22.5,(Hypochilus:58.5,(Venerupis_decussatus:113.5,(Mytilus_californianus:80.5,Thelichoris:60.0)HTU62:7.0)HTU61:5.0)HTU60:6.5)HTU58:16.0)HTU34:31.5)HTU33:3.5)HTU32[665.0];
(Alentus:57.5,(Aportus:66.5,((Americhernus:100.5,(Helobdella_robusta:80.5,Rhiphicephalus:65.5)HTU36:11.5)HTU35:18.0,(Gea:90.0,((Chanbria:69.0,((Amblypygid:73.0,((Centruoides:69.5,((Vonones:68.5,(Artemia:99.0,(Ilyanassa_obsoleta:74.0,Thermobius:67.0)HTU47:12.5)HTU46:14.5)HTU45:15.0,(Pauroctonus:60.0,(Hadrurus:62.0,Scaphopods:79.5)HTU49:10.5)HTU48:18.0)HTU44:6.5)HTU43:7.5,(Hypochilus:60.5,Thelichoris:61.5)HTU50:11.0)HTU42:5.0)HTU41:7.5,(Littorina_littorea:76.5,Mastigoproctus:61.5)HTU51:8.0)HTU40:9.0)HTU39:7.0,(Lymnaea_stagnalis:78.5,(((Yoldia_limatula:80.5,(Perotrochus_lucaya:77.0,(Lottia_gigantea:82.0,(Venerupis_decussatus:135.5,(Crassostrea_virginica:90.5,Limulus:62.0)HTU59:25.5)HTU58:6.0)HTU57:3.5)HTU56:8.0)HTU55:4.0,(Mytilus_californianus:85.0,(Lingula_anatina:82.5,Venerupis_philippinarum:84.0)HTU61:6.5)HTU60:19.0)HTU54:12.0,(Aplysia_californica:85.0,Siphonaria_pectinata:87.0)HTU62:18.5)HTU53:3.0)HTU52:9.5)HTU38:14.0)HTU37:18.5)HTU34:21.0)HTU33:3.5)HTU32[663.0];
(Alentus:55.0,((((Artemia:75.0,Yoldia_limatula:76.0)HTU36:31.5,(((Americhernus:101.0,(Rhiphicephalus:77.0,(Ilyanassa_obsoleta:75.0,Thermobius:64.0)HTU41:18.5)HTU40:7.0)HTU39:18.5,(Hadrurus:68.0,Pauroctonus:62.0)HTU42:21.5)HTU38:8.5,(Littorina_littorea:76.0,((Lymnaea_stagnalis:79.5,((Crassostrea_virginica:88.5,Hypochilus:52.5)HTU47:18.0,(Aplysia_californica:83.0,Siphonaria_pectinata:89.0)HTU48:7.5)HTU46:16.5)HTU45:9.0,(Gea:85.0,((Amblypygid:72.0,(Centruoides:71.5,((Chanbria:67.5,(Limulus:62.5,(Perotrochus_lucaya:76.5,Vonones:64.5)HTU56:14.5)HTU55:7.5)HTU54:10.0,(Lottia_gigantea:78.5,Mastigoproctus:60.5)HTU57:9.0)HTU53:5.5)HTU52:7.5)HTU51:10.5,(Scaphopods:83.0,(Venerupis_decussatus:116.0,(Mytilus_californianus:80.5,Thelichoris:59.0)HTU60:5.5)HTU59:24.0)HTU58:6.0)HTU50:7.5)HTU49:3.5)HTU44:13.0)HTU43:9.0)HTU37:20.5)HTU35:7.5,(Lingula_anatina:80.0,Venerupis_philippinarum:81.5)HTU61:19.5)HTU34:28.5,(Aportus:61.0,Helobdella_robusta:82.0)HTU62:10.0)HTU33:3.0)HTU32[662.0];
(Alentus:58.0,(Aportus:66.5,((Vonones:69.5,(((Pauroctonus:57.5,(Hadrurus:66.5,(Thermobius:84.0,(Crassostrea_virginica:86.5,Gea:64.5)HTU41:19.0)HTU40:9.5)HTU39:4.5)HTU38:23.0,(Aplysia_californica:81.5,Siphonaria_pectinata:87.5)HTU42:9.5)HTU37:24.5,((Scaphopods:84.0,(Yoldia_limatula:80.5,(Helobdella_robusta:91.5,(Venerupis_decussatus:112.5,((Mytilus_californianus:80.5,Rhiphicephalus:65.0)HTU49:7.5,(Lingula_anatina:81.5,Venerupis_philippinarum:83.0)HTU50:5.0)HTU48:4.0)HTU47:21.0)HTU46:5.5)HTU45:9.0)HTU44:13.5,((Artemia:67.5,Lottia_gigantea:75.5)HTU52:25.0,((Americhernus:72.5,Ilyanassa_obsoleta:74.0)HTU54:3.5,(Littorina_littorea:74.0,Perotrochus_lucaya:73.0)HTU55:2.5)HTU53:26.5)HTU51:14.5)HTU43:25.0)HTU36:8.0)HTU35:5.5,((Amblypygid:71.5,(Limulus:66.0,(Chanbria:68.0,(Mastigoproctus:66.0,(Centruoides:65.0,Lymnaea_stagnalis:78.0)HTU61:10.5)HTU60:8.5)HTU59:5.5)HTU58:9.0)HTU57:3.0,(Hypochilus:59.0,Thelichoris:63.0)HTU62:14.0)HTU56:11.0)HTU34:28.0)HTU33:3.0)HTU32[638.0];
(Alentus:56.5,(Aportus:63.5,((Yoldia_limatula:78.5,((Lottia_gigantea:79.0,(((Crassostrea_virginica:86.5,Hadrurus:55.0)HTU40:16.0,(Aplysia_californica:82.5,Siphonaria_pectinata:87.5)HTU41:11.5)HTU39:18.0,(Ilyanassa_obsoleta:76.5,(Littorina_littorea:75.5,Perotrochus_lucaya:74.5)HTU43:2.5)HTU42:4.0)HTU38:3.0)HTU37:10.5,(Scaphopods:81.5,(Helobdella_robusta:88.5,(Lymnaea_stagnalis:78.0,Pauroctonus:59.5)HTU46:6.0)HTU45:4.0)HTU44:5.0)HTU36:18.0)HTU35:15.5,(Centruoides:70.5,(Amblypygid:72.5,(Chanbria:70.0,(Limulus:66.5,((Hypochilus:59.5,((Venerupis_decussatus:109.5,(Thelichoris:58.5,Venerupis_philippinarum:80.5)HTU55:4.0)HTU54:9.5,(Gea:67.5,Lingula_anatina:78.0)HTU56:23.5)HTU53:5.0)HTU52:13.5,(Mastigoproctus:67.0,(Rhiphicephalus:75.0,(Americhernus:100.5,(Artemia:92.0,(Thermobius:79.0,(Mytilus_californianus:79.0,Vonones:68.5)HTU62:11.0)HTU61:14.0)HTU60:8.0)HTU59:9.5)HTU58:25.5)HTU57:10.5)HTU51:12.0)HTU50:4.0)HTU49:8.0)HTU48:7.0)HTU47:10.0)HTU34:36.5)HTU33:2.5)HTU32[629.0];
(Alentus:52.0,((Siphonaria_pectinata:86.5,(Lymnaea_stagnalis:77.0,(Littorina_littorea:75.5,(Perotrochus_lucaya:75.0,(Ilyanassa_obsoleta:77.0,(Lottia_gigantea:80.0,(Scaphopods:84.0,(Helobdella_robusta:89.5,(Yoldia_limatula:80.5,(Mytilus_californianus:85.0,(Lingula_anatina:81.5,(Venerupis_philippinarum:82.0,(Aportus:61.5,Venerupis_decussatus:81.0)HTU45:31.0)HTU44:6.5)HTU43:7.0)HTU42:19.5)HTU41:9.0)HTU40:4.0)HTU39:4.0)HTU38:4.0)HTU37:2.5)HTU36:3.0)HTU35:10.5)HTU34:17.5)HTU33:8.0,(Vonones:60.0,(Amblypygid:59.5,(Thelichoris:56.5,(Hypochilus:55.5,((Mastigoproctus:62.0,(Centruoides:61.5,(Pauroctonus:58.5,(Hadrurus:66.5,(Gea:82.0,(Thermobius:70.5,(Rhiphicephalus:69.5,(Artemia:84.5,(Americhernus:66.0,Aplysia_californica:81.0)HTU61:25.0)HTU60:14.5)HTU59:14.5)HTU58:21.5)HTU57:12.5)HTU53:4.5)HTU52:12.5)HTU51:9.5)HTU50:5.0,(Limulus:61.0,(Chanbria:55.5,Crassostrea_virginica:88.5)HTU56:11.0)HTU55:28.0)HTU54:11.0)HTU49:4.5)HTU48:13.0)HTU47:13.0)HTU46:27.0)HTU62:2.5)HTU32[612.0];
