Implied Alignments for Graph 0

Sequence character chel-prealigned.fas#0
>Alentus
TCCAGACT--GA-C-GGT-CCAC-C---GA--ATCG-GGCGACTG-TCAG
-GC-CTGA-AC-ATCCG-GTCGGTTTC--TCTCCCTTTTCCCG-CG-GTG
CTCTTCGTTGAG-TGTCGCG-GG-AGGCCGACAAGTTTACTTTGAAAAAA
TTAGAGTGCTCAAAGCAGG--C-G--G--T--CACC
>Amblypygid
TCCAGACT--GG-C-GGT-CCGC-CT--A---GCGGCGAGTACTG-TCAG
-GC-CT-GAAC-ATGGC-GCCGG-TT---T-T--C-----CT--TG-GTT
CTCTTTACTGAG-TGTCTTG-GG-CGACCGGCACGTTTACTTTGAAAAAA
TTAGAGTGCTCAAAGCAGG----CT-G--T--CGCC
>Americhernus
TCGAGCCTCCAA-T-GAT-ACGT-TG--A---AAGGCGTTTATCG-TTGG
-GG-CC-G-AC-AGCGC-GTC-G--T---G-G--G-----CT--CG-GTT
GGCCTTAAAAAGCTG-ATCG-GGTTCTCCGGCAATTTTACTTTGAAAAAA
TTAGGGTGCTCAAAGCAGG--C-CT-G--G--TGCC
>Aportus
TCCAGACT--GA-C-GGT-CCAC-C---G---CTCG-GGCGACTG-TCAG
-GC-CTGA-AC-ATTCC-GTCGGTTTCG-ACAGATTTTTCCCG-CG-GTG
CTCTTCGGTGAG-TGTCGC--GG-AGGCCGACAAGTTTACTTTGAAAAAA
TTAGAGTGCTCAAAGCAGG--C-G--G--T--CACC
>Artemia
CTCGGTCG--GG-T-GGTGCCGC-C--TC-A--CGGTGGTCACTG-CCTC
-GA-TCGG-ACAAT-TC-ATTGG-AT---C-G--T-----TC-GGG-GTG
CTCTTAACCGAG-TGTCCTG-GG-TGGCCGATACGTTTACTTTGAACAAA
TTAGAGTGCTTAAAGCAGG--T-GC-AC-C-GCGCC
>Centruoides
TCCAGACA--AG-C-GGT-CCAC-C---C-G--CGGTGGTTACTG-TTTG
-GA-CTGG-ACGTT-TG-GCCGG-AT---T-C--C-----TT--TG-ATG
CTCTTTGCCGAG-TGTCTTG-GG-TGTCCGGCACGTTTACTTTGAAAAAA
TTAGAGTGCTCAAAGCA-G--C-GT-A--C--CGCC
>Chanbria
TCTAGACT--GG-T-GGT-CCGC-C---T---CTGGTGGTTACTA-CCTG
-GC-CTAA-ACAAT-TT-GCCGG-TT---T-T-CC-----CT--TG-GTG
CTCTTCACCGAG-TGTCTTG-GG-GGACTGGTACGTTTACTTTGAAGAAA
CTAGAGTGCTCAAAGCAGG--C-GT-A--A--CGCC
>Gea
TCCGGCCG--GA-CGGGT-CCGC-C---T-A-CCGGTGGTTACTG-TTCG
-CTGCCGA-GC-TT-CA-GGGGG-CC---G-C--T-----GT--CG-ATG
ATCTTCATCGGT-TATCTTC-CG-TAACCCTCACGTTTACTTTGAAAAAA
TTAGAGTGCTCAAAGCA-G--C-GC-G--A--CGCC
>Hadrurus
TCCGGACT--GT-C-GGT-CCG--C---C-G--CAA-GCTTACTG-GCAG
-GA-CCGG-ACGTC-TA-GCCGG-AC---T-C--T-----CT--CGTATC
CTCTTCACCGGG-TGTCTTG-GG-TGTCCGGCAATTTTACTTTGAAAAAA
TTAGAGTGCTCAAAGCA-G--C-GCGA-TC--CGCC
>Hypochilus
TCCAGACG--GG-C-GGT-CCGC-C---T-A-ACGGTGGTTACTG-CCTG
-GC-CTGA-ACAAC-CA-GCCGG-TT---T-C--C-----CT--AG-ATG
ATCTTCATTGAT-TGTCTTG-GG-TGACCGGCACGTTTACTTTGAAAAAA
TTAGAGTGCTCAAAGCA-G--C-GT-G--A--CGCC
>Limulus
TCTAGACT--GG-C-GGT-CCGC-T---T---CCGGCGGTTACTG-CCTG
-GC-CTAA-AC-AT-CT-GCCGG-TT---T-T-CC-----CT--CG-GTG
CCCTTGATTGAG-TGTCTTG-GG-TGGCCGGCACGTTTACTTTGAAAAAA
TTAGAGTGCTCAAAGCA-G--C-GC-A--A--CGCC
>Mastigoproctus
TCCAGACG--GG-T-GGT-CCAC-C-G-C---CCGGTGGCTACTG-CCCG
-GC-CTGA-ACAAT-CTCGCCGG-TT---T-T--C-----CT--TG-ATT
CTCTTCACCGAG-TGTCTTG-GG-TGACCGGCACGTTTACTTTGAAAAAA
TTAGAGTGCTTAAAGCA-G--C-GT-A--A--CGCC
>Pauroctonus
TCCAGACT--GT-C-GGT-CCGCAC---C-G---GA-GGTTACTG-GCAG
-GA-CCGG-ACGTC-TA-GCCGG-CC---T-C--C-----CT--CG-TTG
CTCTTCACCGGG-TGTCTTG-GG-TGTCCGGCACGTTTACTTTGAAAAAA
TTAGAGTGCTCAAAGCA-G--C-G--A-CC--CGCC
>Rhiphicephalus
TCCAGACG--AG-T-AGT-GCAT-C---T-ACCCGAT-GCTACGG-CTCG
-GA-CTGA-ACA-T-CATGCCGG-TT--CT-T--T-----CT--TG-GTG
CACTTCATTGTG-TGCCTCGAGA-TGGCCGGTGCTTTTACTTTGAAAAAA
TTAGAGTGCTCAACGCAGG--C--G-A--GT-CGCC
>Thelichoris
TCCAGACG--GG-C-GGT-CCGC-C---T-A-ACGGTGGTTACTG-CCTG
-GC-CTGA-ACAGC-CA-GCCGG-TT---T-C--C-----CT--AG-ATG
ATCTTTACCGGT-TGTCTTG-GG-TGACCGGCACGTTTACTTTGAAAAAA
TTAGAGTGCTCAAAGCAGG--C--T-G--A--CGCC
>Thermobius
CTCGGAC---GATC-GGT-TCGC-C---G---CCCGTGTTAACTGATC-G
-TT-CCGG-AC-GTCCT-GCCGGTTT---T-T-CC-TTT-CT--CG-GTG
CTCTTCATTGAG-TGTCTTG-AT-TGGCCGGCACGTTTACTTTGAACAAA
TTAGAGTGCTCAAAGCAGGTCCAGT-G--T--CGCC
>Vonones
TCGAGGCT--GG-C-GGT-CCGC-CT--A---CAGGCGGTCACTG-CCAG
TAC-TC-A-AC-ATCCT-GCCGG-TT---T-T-CC-----CT--TG-GTG
CTCTTCGCTGAG-TGTCTCG-GG-TGGCCGGCACGTTTACTTTGAAAAAA
TTAGAGTGCTCAAAGCAGG--C-GC-G--T--AGCC


Sequence character chel_cox1aln.fasta#0
>Alentus
TTATATTAGGAGCACCAGATATAGCTTTCCCTCGAATAAATAATATAAGA
TTTTGACTTCTTCCACCATCTTTAACTTTACTCCTCTCTAGAGGAATAGT
AGAAAGTGGAGTGGGAACAGGCTGAACTGTCTATCCTCCTTTATCTGCTG
GAATTGCACATGCTGGTGCCTCAGTAGATTTAGGAATCTTTTCTTTACAC
CTAGCAGGAGTTTCATCCATCTTAGGGGCCGTAAACTTTATAACTACCGT
TATCAATATACGAAGAACAGGTATAACAATAGACCGAATTCCTCTTTTTG
TATGATCTGTATTTATTACAGCCCTTCTTCTCCTTCTTTCCCTCCCAGTC
>Amblypygid
TAATATTAGGAGCCCCAGATATGGCTTTTCCCCGTATAAATAATATAAGT
TTTTGACTTTTACCCCCCTCTCTAACACTACTCCTCTCTAGAGGGATAGT
GGAAAGAGGTGTAGGTACAGGATGAACTGTTTACCCCCCTCTATCGGCTA
GCATCGCACACGCCGGTGCTTCTGTTGATATGGGAATTTTCTCGCTCCAT
TTGGCCGGGGTTTCTTCAATTTTAGGGGCCGTTAATTTTATAACTACTGT
TATCAATATACGAAGAACCGGAATAACTATAGACCGAATTCCCCTTTTTG
TTTGATCTGTCTTTATTACCGCCCTCCTTCTTCTTCTATCATTACCTGTT
>Americhernus
TAATACTTGGGGCCCCTGATATGGCTTTCCCCCGTATAAATAATATGAGA
TTCTGACTCTTACCTCCCTCATTAACTCTCCTATTATCGAGAGGGATAGT
TGAAACAGGGGTTGGTACTGGATGGACAGTATACCCCCCCTTATCGGCCG
GGATCGCCCACGCAGGGGCCTCAGTTGACCTGGCAATCTTTTCTCTCCAC
TTAGCTGGGGTTTCTTCTATTCTAGGAGCAGTTAATTTTATAACAACCGT
TATCAATATACGAAGTGTAGGGATGACAATAGACCGAGTACCTCTTTTTG
TATGGTCTATTTTCATCACAACTCTCCTTCTACTACTTTCTCTACCAGTC
>Aportus
TAATATTAGGGGCCCCTGATATGGCCTTTCCCCGGATAAATAATATAAGT
TTCTGACTATTACCCCCCTCTTTAACCCTTCTTTTATCTAGTGGTATGGT
TGAAACAGGAGTTGGGACTGGTTGAACAGTTTACCCCCCTTTAGCCGCCG
GAATTGCTCACGCAGGAGCTTCGGTAGATCTTGCTATTTTCTCACTCCAC
TTAGCCGGGGTTTCTTCGATTTTAGGAGCAGTAAACTTTATAACTACCGT
TATTAATATACGAAGAACAGGGATAACAATGGACCGGATCCCTCTTTTCG
TCTGGTCGGTTTTTATTACTGCCCTTCTTTTACTTTTATCTCTCCCAGTT
>Artemia
TAATATTAGGAGCTCCAGATATAGCTTTCCCTCGAATAAATAATATAAGA
TTCTGACTCCTCCCTCCCTCTTTAACTCTTTTACTTTCAAGAGGAATAGT
AGAAAGAGGAGTAGGAACGGGATGAACCGTTTATCCTCCTCTTGCAGCCG
GAATTGCTCATGCCGGAGCTTCAGTTGATATAGGAATCTTCTCTCTACAT
TTAGCAGGAGTATCCTCTATTTTAGGGGCCGTAAATTTTATAACAACAGT
GATTAACATACGGGCATCTGGAATAACATTAGACCGAATACCTTTATTCG
TGTGATCTGTATTTATTACTGCACTATTATTACTTTTATCACTACCAGTT
>Centruoides
TAATATTAGGGGCCCCTGATATGGCTTTCCCTCGAATAAATAATATAAGA
TTCTGATTGCTTCCCCCTTCCCTAACTCTTTTACTTTCGAGTGGAATGGT
AGAAAGAGGGGTAGGTACAGGATGAACTGTTTATCCCCCTCTTGCAGCCG
GAATTGCTCATGCTGGAGCTTCCGTTGACATAGGAATTTTCTCTCTACAT
TTAGCAGGAGTGTCTTCTATTTTAGGGGCCGTAAACTTCATAACTACAGT
AATTAATATACGAGCATCTGGAATAACAATAGACCGAATACCTTTATTTG
TTTGATCTGTCTTTATTACAGCACTACTTTTACTCTTGTCATTACCAGTT
>Chanbria
TTATATTAGGAGCACCTGATATAGCATTTCCACGTATAAACAATATAAGA
TTCTGACTTTTACCTCCATCTCTTACACTACTCCTATCAAGAGGAATGGT
AGAAAGAGGAGTCGGTACAGGATGAACTGTGTATCCCCCGCTAGCAGCAG
GAATTGCCCACGCTGGAGCCTCAGTTGACATAGGAATTTTTTCACTACAC
CTCGCCGGAGTCTCATCAATTCTAGGTGCAGTTAATTTTATAACAACTGT
TATTAACATACGCCCTGCGGGAATAACTATAGACCGTATACCACTTTTCG
TGTGAGCAGTATTTATTACAGCCCTACTCCTTCTTTTATCTCTACCAGTC
>Gea
TTATACTTGGTGCCCCAGATATGGCATTCCCACGAATAAATAATATAAGA
TTCTGACTTCTCCCCCCTTCTCTAACTCTATTACTTTCAAGAGGAATAGT
AGAAAGAGGAGTAGGAACAGGATGAACAGTTTACCCCCCTCTAGCAGCAG
GAATTGCTCATGCTGGAGCTTCAGTTGATATAGGAATTTTCTCGCTACAC
CTTGCAGGGGTCTCATCAATCTTAGGAGCAGTTAATTTCATGACAACAGT
TATTAATATGCGCCCTGCAGGAATAACTATGGACCGTATACCACTCTTCG
TGTGAGCTGTCTTTATTACAGCCTTGCTACTATTACTATCCCTCCCAGTC
>Hadrurus
TTATATTAGGGGCCCCAGATATAGCTTTTCCCCGAATAAATAATATAAGC
TTCTGATTACTTCCCCCCTCCCTAACTCTCCTCCTTTTAAGAGGAATAGT
TGAAAGAGGAGTAGGGACCGGCTGAACTGTCTATCCTCCTTTAGCTAGAG
GAATTGCCCATGCAGGAGCCTCGGTAGACATAGGAATTTTTTCTCTACAC
TTAGCTGGAGTTTCATCCATTTTAGGGGCCGTAAACTTTATAACAACAGT
GATTAATATACGATCATCAGGAATAACAATAGATCGAATACCTTTATTTG
TTTGATCAGTCTTTATTACCGCTTTATTGTTACTCCTTTCACTCCCAGTT
>Hypochilus
TAATACTCGGGGCCCCAGATATAGCTTTCCCACGAATAAATAACATAAGA
TTCTGACTTCTTCCTCCCTCTCTAACTCTACTTCTCTCAAGCGGAATAGT
CGAAAGAGGGGTAGGAACCGGCTGGACAGTATACCCTCCTCTAGCCAGAG
GAATCGCTCATGCAGGTGCTTCTGTAGATATAGGAATCTTCTCGCTTCAC
CTAGCAGGAGTCTCATCAATCCTAGGGGCCGTAAACTTTATAACAACAGT
AATCAATATACGATCCTCAGGAATATCTATAGACCGTATACCTTTATTTG
TATGATCAGTATTCATTACCGCTCTCCTCCTTCTTCTCTCTTTACCAGTC
>Limulus
TAATACTAGGTGCCCCGGATATGGCTTTCCCTCGAATAAATAACATAAGT
TTCTGACTTTTACCCCCATCTCTCACTCTCCTCTTATCTAGAGGAATAGT
AGAAAGAGGTGTAGGAACTGGATGAACTGTATATCCTCCTTTATCTGCAA
GTATTGCCCATGCGGGAGCTTCCGTTGATCTCGGAATCTTCTCACTACAC
TTAGCAGGTGTATCATCAATTTTAGGTGCCGTAAATTTTATAACAACTGT
TATCAATATACGATCTACCGGAATAACTATGGACCGGATACCTCTTTTTG
TTTGAGCAGTATTTATTACTGCTTTACTTTTACTACTGTCCTTACCAGTT
>Mastigoproctus
TGATATTAGGTGCTCCTGATATAGCTTTTCCTCGTATAAACAATATAAGA
TTCTGACTTTTACCTCCTTCGTTAACGTTACTTCTTTCCAGAGGTATAGT
TGAAAGAGGGGTAGGAACAGGATGAACAGTCTATCCTCCTTTATCAGCTA
GAATTGCTCATGCCGGAGCTTCAGTAGACTTAGGTATTTTCTCGCTGCAT
CTAGCTGGTGTCTCGTCTATCTTAGGAGCTGTCAATTTTATAACAACTGT
TATCAATATACGATCTACAGGTATAACTATAGACCGTATACCTCTTTTCG
TATGGGCAGTATTTATTACCGCCCTACTACTTTTATTATCTTTACCAGTA
>Pauroctonus
TAATGTTAGGTGCTCCTGATATGGCTTTTCCACGAATAAACAATATGAGT
TTCTGGCTCCTACCTCCTTCACTAACACTACTTCTTTCTAGAGGTATAGT
TGAAAGAGGAGTAGGAACAGGATGAACTGTTTACCCTCCTTTATCAGCCA
GTATTGCTCATGCTGGGGCTTCGGTAGATTTAGGAATTTTCTCCCTACAC
TTGGCAGGTGTTTCTTCAATTTTAGGAGCTGTAAATTTTATGACAACTGT
TATTAACATACGATCTACGGGAATAACTATAGACCGAATACCGCTTTTCG
TTTGAGCAGTATTTATTACAGCATTACTTCTCTTATTATCTCTACCGGTA
>Rhiphicephalus
TAATATTAGGAGCACCTGATATAGCATTCCCACGAATAAATAATATAAGC
TTTTGACTGCTACCTCCTTCTCTCACCCTTCTTCTATCTAGAGGAATAGT
TGAAAGAGGAGTTGGAACAGGATGAACTGTATATCCTCCCCTATCAGCTA
GAATCGCACATGCAGGGGCCTCTGTAGATTTGGGAATTTTTTCATTGCAT
TTAGCAGGAGTTTCATCAATTCTAGGGGCCGTAAATTTCATAACAACTGT
AATTAATATACGATCTACAGGTATAACTATAGACCGAATACCGTTATTCG
TCTGAGCAGTTTTTATTACAGCGCTCTTACTCCTTTTATCTTTACCCGTT
>Thelichoris
TAATATTAGGAGCACCTGATATAGCATTCCCACGAATAAATAATATAAGC
TTTTGACTGCTACCTCCTTCTCTCACCCTTCTTCTATCTAGAGGAATAGT
TGAAAGAGGAGTTGGAACAGGATGAACTGTATATCCTCCCCTATCAGCTA
GAATCGCACATGCAGGGGCCTCTGTAGATTTGGGAATTTTTTCATTGCAT
TTAGCAGGAGTTTCATCAATTCTAGGGGCCGTAAATTTCATAACAACTGT
AATTAATATACGATCTACAGGTATAACTATAGACCGAATACCGTTATTCG
TCTGAGCAGTTTTTATTACAGCGCTCTTACTCCTTTTATCTTTACCCGTT
>Thermobius
TAATATTAGGTGCTCCCGATATAGCTTTCCCTCGAATAAATAATATGAGT
TTCTGACTTTTACCTCCCTCGCTAACTCTACTTCTTTCTAGAGGTATAGT
CGAAAGAGGGGTAGGAACAGGATGAACTGTTTACCCTCCTCTATCTGCCA
GCATTGCCCATGCAGGAGCATCTGTAGATCTAGGAATCTTCTCATTACAT
TTAGCAGGGGTTTCTTCAATTCTAGGTGCTGTAAATTTTATAACTACCGT
TATCAATATACGATCAACAGGAATAACTATAGACCGAATACCTCTTTTCG
TCTGAGCGGTATTTATTACAGCCTTACTACTTTTACTATCATTACCGGTT
>Vonones
TAATGTTAGGTGCTCCAGATATGGCATTTCCCCGAATAAATAATATAAGT
TTCTGACTTTTACCCCCTTCGCTAACTTTACTTTTATCTAGAGGTATAGT
CGAAAGAGGAGTGGGAACTGGATGAACAGTATACCCTCCTTTATCAGCCA
GAATTGCTCACGCAGGTGCTTCAGTTGATCTAGGTATTTTTTCATTACAT
TTAGCAGGGGTCTCATCAATCTTAGGAGCTGTAAACTTTATAACGACCGT
TATCAATATACGATCTACAGGGATAACTATAGACCGAATACCACTTTTTG
TTTGAGCAGTATTTATTACAGCTCTACTCCTACTGTTATCTTTACCAGTC

