digraph G {
	rankdir = LR;	node [ shape = none];

    0 [label=Antarctic_neomeniomorph];
    1 [label=Aplysia_californica];
    2 [label=Cerebratulus_lacteus];
    3 [label=Chaetopleura_apiculata];
    4 [label=Crassostrea_virginica];
    5 [label=Euprymna_scolopes];
    6 [label=Greenland_neomeniomorph];
    7 [label=Helobdella_robusta];
    8 [label=Ilyanassa_obsoleta];
    9 [label=Lingula_anatina];
    10 [label=Littorina_littorea];
    11 [label=Lottia_gigantea];
    12 [label=Lymnaea_stagnalis];
    13 [label=Mytilus_californianus];
    14 [label=Nautilus];
    15 [label=Nucula];
    16 [label=Octopus];
    17 [label=Perotrochus_lucaya];
    18 [label=Scaphopods];
    19 [label=Siphonaria_pectinata];
    20 [label=Solemya];
    21 [label=Venerupis_decussatus];
    22 [label=Venerupis_philippinarum];
    23 [label=Yoldia_limatula];
    24 [label=HTU24];
    25 [label=HTU25];
    26 [label=HTU26];
    27 [label=HTU27];
    28 [label=HTU28];
    30 [label=HTU30];
    31 [label=HTU31];
    32 [label=HTU32];
    33 [label=HTU33];
    34 [label=HTU34];
    35 [label=HTU35];
    36 [label=HTU36];
    37 [label=HTU37];
    38 [label=HTU38];
    39 [label=HTU39];
    40 [label=HTU40];
    41 [label=HTU41];
    42 [label=HTU42];
    43 [label=HTU43];
    44 [label=HTU44];
    45 [label=HTU45];
    46 [label=HTU46];
    24 -> 0 [label=120.5];
    24 -> 46 [label=56.5];
    25 -> 18 [label=189.5];
    25 -> 26 [label=50.0];
    26 -> 8 [label=193.5];
    26 -> 27 [label=8.0];
    27 -> 4 [label=228.5];
    27 -> 28 [label=11.0];
    28 -> 1 [label=80.0];
    28 -> 7 [label=207.0];
    28 -> 12 [label=194.0];
    30 -> 20 [label=102.0];
    30 -> 32 [label=20.5];
    31 -> 6 [label=141.5];
    31 -> 30 [label=31.0];
    32 -> 2 [label=183.5];
    32 -> 13 [label=64.5];
    33 -> 25 [label=63.5];
    33 -> 31 [label=50.5];
    34 -> 22 [label=208.5];
    34 -> 33 [label=13.5];
    35 -> 9 [label=207.0];
    35 -> 34 [label=9.0];
    36 -> 35 [label=35.5];
    36 -> 40 [label=12.5];
    37 -> 5 [label=106.0];
    37 -> 23 [label=202.5];
    38 -> 16 [label=147.5];
    38 -> 41 [label=22.0];
    39 -> 37 [label=55.0];
    39 -> 43 [label=74.0];
    40 -> 38 [label=36.0];
    40 -> 42 [label=11.0];
    41 -> 3 [label=87.5];
    41 -> 19 [label=213.5];
    42 -> 10 [label=110.5];
    42 -> 39 [label=29.0];
    43 -> 15 [label=100.5];
    43 -> 21 [label=212.0];
    44 -> 11 [label=86.5];
    44 -> 36 [label=15.0];
    45 -> 14 [label=93.0];
    45 -> 44 [label=14.0];
    46 -> 17 [label=44.0];
    46 -> 45 [label=24.0];
}
//1786.0
digraph G {
	rankdir = LR;	node [ shape = none];

    0 [label=Antarctic_neomeniomorph];
    1 [label=Aplysia_californica];
    2 [label=Cerebratulus_lacteus];
    3 [label=Chaetopleura_apiculata];
    4 [label=Crassostrea_virginica];
    5 [label=Euprymna_scolopes];
    6 [label=Greenland_neomeniomorph];
    7 [label=Helobdella_robusta];
    8 [label=Ilyanassa_obsoleta];
    9 [label=Lingula_anatina];
    10 [label=Littorina_littorea];
    11 [label=Lottia_gigantea];
    12 [label=Lymnaea_stagnalis];
    13 [label=Mytilus_californianus];
    14 [label=Nautilus];
    15 [label=Nucula];
    16 [label=Octopus];
    17 [label=Perotrochus_lucaya];
    18 [label=Scaphopods];
    19 [label=Siphonaria_pectinata];
    20 [label=Solemya];
    21 [label=Venerupis_decussatus];
    22 [label=Venerupis_philippinarum];
    23 [label=Yoldia_limatula];
    24 [label=HTU24];
    25 [label=HTU25];
    26 [label=HTU26];
    27 [label=HTU27];
    28 [label=HTU28];
    30 [label=HTU30];
    31 [label=HTU31];
    32 [label=HTU32];
    33 [label=HTU33];
    34 [label=HTU34];
    35 [label=HTU35];
    36 [label=HTU36];
    37 [label=HTU37];
    38 [label=HTU38];
    39 [label=HTU39];
    40 [label=HTU40];
    41 [label=HTU41];
    42 [label=HTU42];
    43 [label=HTU43];
    44 [label=HTU44];
    45 [label=HTU45];
    46 [label=HTU46];
    24 -> 0 [label=120.5];
    24 -> 46 [label=57.0];
    25 -> 18 [label=189.5];
    25 -> 26 [label=50.0];
    26 -> 8 [label=193.5];
    26 -> 27 [label=7.5];
    27 -> 4 [label=228.5];
    27 -> 28 [label=10.5];
    28 -> 1 [label=79.5];
    28 -> 7 [label=207.0];
    28 -> 12 [label=194.0];
    30 -> 6 [label=147.0];
    30 -> 31 [label=30.0];
    31 -> 2 [label=180.5];
    31 -> 13 [label=68.5];
    32 -> 25 [label=62.0];
    32 -> 30 [label=44.5];
    33 -> 22 [label=209.0];
    33 -> 32 [label=12.0];
    34 -> 9 [label=207.5];
    34 -> 33 [label=8.5];
    35 -> 34 [label=33.5];
    35 -> 39 [label=14.0];
    36 -> 5 [label=104.5];
    36 -> 23 [label=202.5];
    37 -> 16 [label=147.5];
    37 -> 40 [label=22.5];
    38 -> 36 [label=54.0];
    38 -> 42 [label=92.0];
    39 -> 37 [label=36.0];
    39 -> 41 [label=11.5];
    40 -> 3 [label=87.0];
    40 -> 19 [label=213.5];
    41 -> 10 [label=112.0];
    41 -> 38 [label=29.0];
    42 -> 20 [label=94.5];
    42 -> 43 [label=17.0];
    43 -> 15 [label=85.0];
    43 -> 21 [label=212.0];
    44 -> 11 [label=90.0];
    44 -> 35 [label=15.5];
    45 -> 14 [label=94.5];
    45 -> 44 [label=12.5];
    46 -> 17 [label=43.5];
    46 -> 45 [label=21.5];
}
//1778.0
digraph G {
	rankdir = LR;	node [ shape = none];

    0 [label=Antarctic_neomeniomorph];
    1 [label=Aplysia_californica];
    2 [label=Cerebratulus_lacteus];
    3 [label=Chaetopleura_apiculata];
    4 [label=Crassostrea_virginica];
    5 [label=Euprymna_scolopes];
    6 [label=Greenland_neomeniomorph];
    7 [label=Helobdella_robusta];
    8 [label=Ilyanassa_obsoleta];
    9 [label=Lingula_anatina];
    10 [label=Littorina_littorea];
    11 [label=Lottia_gigantea];
    12 [label=Lymnaea_stagnalis];
    13 [label=Mytilus_californianus];
    14 [label=Nautilus];
    15 [label=Nucula];
    16 [label=Octopus];
    17 [label=Perotrochus_lucaya];
    18 [label=Scaphopods];
    19 [label=Siphonaria_pectinata];
    20 [label=Solemya];
    21 [label=Venerupis_decussatus];
    22 [label=Venerupis_philippinarum];
    23 [label=Yoldia_limatula];
    24 [label=HTU24];
    25 [label=HTU25];
    26 [label=HTU26];
    27 [label=HTU27];
    28 [label=HTU28];
    30 [label=HTU30];
    31 [label=HTU31];
    32 [label=HTU32];
    33 [label=HTU33];
    34 [label=HTU34];
    35 [label=HTU35];
    36 [label=HTU36];
    37 [label=HTU37];
    38 [label=HTU38];
    39 [label=HTU39];
    40 [label=HTU40];
    41 [label=HTU41];
    42 [label=HTU42];
    43 [label=HTU43];
    44 [label=HTU44];
    45 [label=HTU45];
    46 [label=HTU46];
    24 -> 0 [label=119.5];
    24 -> 46 [label=59.0];
    25 -> 18 [label=191.0];
    25 -> 26 [label=50.5];
    26 -> 8 [label=192.0];
    26 -> 27 [label=11.0];
    27 -> 4 [label=227.0];
    27 -> 28 [label=14.0];
    28 -> 1 [label=81.0];
    28 -> 7 [label=205.5];
    28 -> 12 [label=192.5];
    30 -> 5 [label=134.0];
    30 -> 25 [label=48.5];
    31 -> 16 [label=137.5];
    31 -> 30 [label=28.0];
    32 -> 2 [label=175.5];
    32 -> 13 [label=70.5];
    33 -> 31 [label=49.0];
    33 -> 32 [label=37.0];
    34 -> 22 [label=209.5];
    34 -> 33 [label=21.0];
    35 -> 9 [label=208.0];
    35 -> 34 [label=17.5];
    36 -> 35 [label=41.5];
    36 -> 39 [label=27.0];
    37 -> 6 [label=113.0];
    37 -> 23 [label=202.0];
    38 -> 37 [label=48.0];
    38 -> 42 [label=75.5];
    39 -> 40 [label=37.5];
    39 -> 41 [label=31.0];
    40 -> 3 [label=93.0];
    40 -> 19 [label=214.5];
    41 -> 10 [label=95.5];
    41 -> 38 [label=52.5];
    42 -> 20 [label=92.5];
    42 -> 43 [label=18.0];
    43 -> 15 [label=85.5];
    43 -> 21 [label=211.5];
    44 -> 11 [label=85.5];
    44 -> 36 [label=18.0];
    45 -> 14 [label=102.0];
    45 -> 44 [label=16.0];
    46 -> 17 [label=47.5];
    46 -> 45 [label=25.0];
}
//1757.0
digraph G {
	rankdir = LR;	node [ shape = none];

    0 [label=Antarctic_neomeniomorph];
    1 [label=Aplysia_californica];
    2 [label=Cerebratulus_lacteus];
    3 [label=Chaetopleura_apiculata];
    4 [label=Crassostrea_virginica];
    5 [label=Euprymna_scolopes];
    6 [label=Greenland_neomeniomorph];
    7 [label=Helobdella_robusta];
    8 [label=Ilyanassa_obsoleta];
    9 [label=Lingula_anatina];
    10 [label=Littorina_littorea];
    11 [label=Lottia_gigantea];
    12 [label=Lymnaea_stagnalis];
    13 [label=Mytilus_californianus];
    14 [label=Nautilus];
    15 [label=Nucula];
    16 [label=Octopus];
    17 [label=Perotrochus_lucaya];
    18 [label=Scaphopods];
    19 [label=Siphonaria_pectinata];
    20 [label=Solemya];
    21 [label=Venerupis_decussatus];
    22 [label=Venerupis_philippinarum];
    23 [label=Yoldia_limatula];
    24 [label=HTU24];
    25 [label=HTU25];
    26 [label=HTU26];
    27 [label=HTU27];
    28 [label=HTU28];
    30 [label=HTU30];
    31 [label=HTU31];
    32 [label=HTU32];
    33 [label=HTU33];
    34 [label=HTU34];
    35 [label=HTU35];
    36 [label=HTU36];
    37 [label=HTU37];
    38 [label=HTU38];
    39 [label=HTU39];
    40 [label=HTU40];
    41 [label=HTU41];
    42 [label=HTU42];
    43 [label=HTU43];
    44 [label=HTU44];
    45 [label=HTU45];
    46 [label=HTU46];
    24 -> 0 [label=119.5];
    24 -> 46 [label=58.0];
    25 -> 18 [label=205.5];
    25 -> 26 [label=20.0];
    26 -> 8 [label=196.5];
    26 -> 27 [label=11.0];
    27 -> 4 [label=231.5];
    27 -> 28 [label=14.0];
    28 -> 1 [label=120.5];
    28 -> 12 [label=197.0];
    28 -> 30 [label=18.0];
    30 -> 3 [label=78.5];
    30 -> 7 [label=201.5];
    31 -> 5 [label=132.0];
    31 -> 25 [label=37.0];
    32 -> 16 [label=129.5];
    32 -> 31 [label=30.5];
    33 -> 2 [label=176.5];
    33 -> 13 [label=69.0];
    34 -> 32 [label=47.0];
    34 -> 33 [label=33.5];
    35 -> 22 [label=210.0];
    35 -> 34 [label=19.0];
    36 -> 9 [label=208.5];
    36 -> 35 [label=14.5];
    37 -> 36 [label=42.5];
    37 -> 40 [label=22.0];
    38 -> 6 [label=111.0];
    38 -> 23 [label=202.5];
    39 -> 38 [label=49.0];
    39 -> 42 [label=73.5];
    40 -> 19 [label=232.5];
    40 -> 41 [label=18.5];
    41 -> 10 [label=118.5];
    41 -> 39 [label=37.0];
    42 -> 20 [label=91.5];
    42 -> 43 [label=18.5];
    43 -> 15 [label=85.5];
    43 -> 21 [label=212.0];
    44 -> 11 [label=66.5];
    44 -> 37 [label=20.5];
    45 -> 14 [label=103.0];
    45 -> 44 [label=25.5];
    46 -> 17 [label=55.0];
    46 -> 45 [label=36.5];
}
//1727.0
digraph G {
	rankdir = LR;	node [ shape = none];

    0 [label=Antarctic_neomeniomorph];
    1 [label=Aplysia_californica];
    2 [label=Cerebratulus_lacteus];
    3 [label=Chaetopleura_apiculata];
    4 [label=Crassostrea_virginica];
    5 [label=Euprymna_scolopes];
    6 [label=Greenland_neomeniomorph];
    7 [label=Helobdella_robusta];
    8 [label=Ilyanassa_obsoleta];
    9 [label=Lingula_anatina];
    10 [label=Littorina_littorea];
    11 [label=Lottia_gigantea];
    12 [label=Lymnaea_stagnalis];
    13 [label=Mytilus_californianus];
    14 [label=Nautilus];
    15 [label=Nucula];
    16 [label=Octopus];
    17 [label=Perotrochus_lucaya];
    18 [label=Scaphopods];
    19 [label=Siphonaria_pectinata];
    20 [label=Solemya];
    21 [label=Venerupis_decussatus];
    22 [label=Venerupis_philippinarum];
    23 [label=Yoldia_limatula];
    24 [label=HTU24];
    25 [label=HTU25];
    26 [label=HTU26];
    27 [label=HTU27];
    28 [label=HTU28];
    30 [label=HTU30];
    31 [label=HTU31];
    32 [label=HTU32];
    33 [label=HTU33];
    34 [label=HTU34];
    35 [label=HTU35];
    36 [label=HTU36];
    37 [label=HTU37];
    38 [label=HTU38];
    39 [label=HTU39];
    40 [label=HTU40];
    41 [label=HTU41];
    42 [label=HTU42];
    43 [label=HTU43];
    44 [label=HTU44];
    45 [label=HTU45];
    46 [label=HTU46];
    47 [label=HTU47];
    48 [label=HTU48];
    49 [label=HTU49];
    50 [label=HTU50];
    24 -> 0 [label=119.5];
    24 -> 50 [label=58.0];
    25 -> 18 [label=208.5];
    25 -> 26 [label=18.5];
    26 -> 8 [label=196.5];
    26 -> 27 [label=8.5];
    27 -> 4 [label=231.5];
    27 -> 28 [label=11.5];
    28 -> 1 [label=120.0];
    28 -> 12 [label=197.0];
    28 -> 30 [label=7.5];
    30 -> 7 [label=211.5];
    30 -> 46 [label=4.0];
    31 -> 25 [label=48.5];
    31 -> 47 [label=6.0];
    32 -> 2 [label=171.0];
    32 -> 13 [label=74.5];
    33 -> 31 [label=26.0];
    33 -> 32 [label=38.0];
    34 -> 22 [label=210.0];
    34 -> 33 [label=15.5];
    35 -> 9 [label=208.5];
    35 -> 34 [label=11.0];
    36 -> 35 [label=40.5];
    36 -> 41 [label=26.0];
    37 -> 6 [label=111.5];
    37 -> 38 [label=23.0];
    38 -> 23 [label=201.5];
    38 -> 47 [label=1.5];
    39 -> 16 [label=104.5];
    39 -> 42 [label=20.0];
    40 -> 37 [label=48.0];
    40 -> 44 [label=75.0];
    41 -> 39 [label=56.5];
    41 -> 43 [label=23.0];
    42 -> 19 [label=213.0];
    42 -> 46 [label=1.5];
    43 -> 10 [label=115.0];
    43 -> 40 [label=38.5];
    44 -> 20 [label=91.0];
    44 -> 45 [label=19.0];
    45 -> 15 [label=85.5];
    45 -> 21 [label=211.5];
    46 -> 3 [label=79.0];
    47 -> 5 [label=138.5];
    48 -> 11 [label=71.0];
    48 -> 36 [label=16.5];
    49 -> 14 [label=101.0];
    49 -> 48 [label=20.0];
    50 -> 17 [label=51.5];
    50 -> 49 [label=31.5];
}
//1725.0
digraph G {
	rankdir = LR;	node [ shape = none];

    0 [label=Antarctic_neomeniomorph];
    1 [label=Aplysia_californica];
    2 [label=Cerebratulus_lacteus];
    3 [label=Chaetopleura_apiculata];
    4 [label=Crassostrea_virginica];
    5 [label=Euprymna_scolopes];
    6 [label=Greenland_neomeniomorph];
    7 [label=Helobdella_robusta];
    8 [label=Ilyanassa_obsoleta];
    9 [label=Lingula_anatina];
    10 [label=Littorina_littorea];
    11 [label=Lottia_gigantea];
    12 [label=Lymnaea_stagnalis];
    13 [label=Mytilus_californianus];
    14 [label=Nautilus];
    15 [label=Nucula];
    16 [label=Octopus];
    17 [label=Perotrochus_lucaya];
    18 [label=Scaphopods];
    19 [label=Siphonaria_pectinata];
    20 [label=Solemya];
    21 [label=Venerupis_decussatus];
    22 [label=Venerupis_philippinarum];
    23 [label=Yoldia_limatula];
    24 [label=HTU24];
    25 [label=HTU25];
    26 [label=HTU26];
    27 [label=HTU27];
    28 [label=HTU28];
    30 [label=HTU30];
    31 [label=HTU31];
    32 [label=HTU32];
    33 [label=HTU33];
    34 [label=HTU34];
    35 [label=HTU35];
    36 [label=HTU36];
    37 [label=HTU37];
    38 [label=HTU38];
    39 [label=HTU39];
    40 [label=HTU40];
    41 [label=HTU41];
    42 [label=HTU42];
    43 [label=HTU43];
    44 [label=HTU44];
    45 [label=HTU45];
    46 [label=HTU46];
    24 -> 0 [label=119.5];
    24 -> 46 [label=58.0];
    25 -> 18 [label=208.5];
    25 -> 26 [label=18.5];
    26 -> 8 [label=196.5];
    26 -> 27 [label=8.5];
    27 -> 4 [label=231.5];
    27 -> 28 [label=11.5];
    28 -> 1 [label=120.0];
    28 -> 12 [label=197.0];
    28 -> 30 [label=17.5];
    30 -> 3 [label=79.0];
    30 -> 7 [label=201.5];
    31 -> 5 [label=138.5];
    31 -> 25 [label=32.0];
    32 -> 2 [label=171.0];
    32 -> 13 [label=74.5];
    33 -> 31 [label=42.5];
    33 -> 32 [label=38.0];
    34 -> 22 [label=210.0];
    34 -> 33 [label=15.5];
    35 -> 9 [label=208.5];
    35 -> 34 [label=11.0];
    36 -> 35 [label=40.5];
    36 -> 40 [label=26.0];
    37 -> 6 [label=111.5];
    37 -> 23 [label=201.5];
    38 -> 16 [label=104.5];
    38 -> 19 [label=213.0];
    39 -> 37 [label=48.0];
    39 -> 42 [label=75.0];
    40 -> 38 [label=56.5];
    40 -> 41 [label=23.0];
    41 -> 10 [label=115.0];
    41 -> 39 [label=38.5];
    42 -> 20 [label=91.0];
    42 -> 43 [label=19.0];
    43 -> 15 [label=85.5];
    43 -> 21 [label=211.5];
    44 -> 11 [label=71.0];
    44 -> 36 [label=16.5];
    45 -> 14 [label=101.0];
    45 -> 44 [label=20.0];
    46 -> 17 [label=51.5];
    46 -> 45 [label=31.5];
}
//1725.0
