digraph G {
	rankdir = LR;	edge [colorscheme=spectral11];	node [shape = none];

    0 [label=Antarctic_neomeniomorph];
    1 [label=Aplysia_californica];
    2 [label=Cerebratulus_lacteus];
    3 [label=Chaetopleura_apiculata];
    4 [label=Crassostrea_virginica];
    5 [label=Euprymna_scolopes];
    6 [label=Greenland_neomeniomorph];
    7 [label=Helobdella_robusta];
    8 [label=Ilyanassa_obsoleta];
    9 [label=Lingula_anatina];
    10 [label=Littorina_littorea];
    11 [label=Lottia_gigantea];
    12 [label=Lymnaea_stagnalis];
    13 [label=Mytilus_californianus];
    14 [label=Nautilus];
    15 [label=Nucula];
    16 [label=Octopus];
    17 [label=Perotrochus_lucaya];
    18 [label=Scaphopods];
    19 [label=Siphonaria_pectinata];
    20 [label=Solemya];
    21 [label=Venerupis_decussatus];
    22 [label=Venerupis_philippinarum];
    23 [label=Yoldia_limatula];
    24 [label=HTU24];
    25 [label=HTU25];
    26 [label=HTU26];
    27 [label=HTU27];
    28 [label=HTU28];
    29 [label=HTU29];
    30 [label=HTU30];
    31 [label=HTU31];
    32 [label=HTU32];
    33 [label=HTU33];
    34 [label=HTU34];
    35 [label=HTU35];
    36 [label=HTU36];
    37 [label=HTU37];
    38 [label=HTU38];
    39 [label=HTU39];
    40 [label=HTU40];
    41 [label=HTU41];
    42 [label=HTU42];
    43 [label=HTU43];
    44 [label=HTU44];
    45 [label=HTU45];
    46 [label=HTU46];
    24 -> 0 [label=0.0];
    24 -> 38 [label=0.0];
    25 -> 8 [label=3.0];
    25 -> 23 [label=9.0];
    26 -> 25 [label=0.0];
    26 -> 28 [label=5.0];
    27 -> 21 [label=41.0];
    27 -> 29 [label=4.0];
    28 -> 4 [label=15.0];
    28 -> 31 [label=2.0];
    29 -> 13 [label=75.0];
    29 -> 32 [label=17.0];
    30 -> 5 [label=80.0];
    30 -> 26 [label=0.0];
    31 -> 1 [label=93.0];
    31 -> 15 [label=65.0];
    32 -> 3 [label=0.0];
    32 -> 19 [label=0.0];
    33 -> 27 [label=13.0];
    33 -> 30 [label=0.0];
    34 -> 10 [label=94.0];
    34 -> 33 [label=2.0];
    35 -> 18 [label=196.0];
    35 -> 34 [label=3.0];
    36 -> 12 [label=8.0];
    36 -> 35 [label=0.0];
    37 -> 20 [label=35.0];
    37 -> 36 [label=0.0];
    38 -> 37 [label=1.0];
    38 -> 43 [label=1.0];
    39 -> 17 [label=30.0];
    39 -> 42 [label=13.0];
    40 -> 41 [label=2.0];
    40 -> 44 [label=8.0];
    41 -> 39 [label=18.0];
    41 -> 45 [label=26.0];
    42 -> 14 [label=0.0];
    42 -> 22 [label=0.0];
    43 -> 16 [label=58.0];
    43 -> 40 [label=1.0];
    44 -> 6 [label=57.0];
    44 -> 46 [label=0.0];
    45 -> 2 [label=0.0];
    45 -> 7 [label=0.0];
    46 -> 9 [label=30.0];
    46 -> 11 [label=3.0];
}
//1792.0
digraph G {
	rankdir = LR;	edge [colorscheme=spectral11];	node [shape = none];

    0 [label=Antarctic_neomeniomorph];
    1 [label=Aplysia_californica];
    2 [label=Cerebratulus_lacteus];
    3 [label=Chaetopleura_apiculata];
    4 [label=Crassostrea_virginica];
    5 [label=Euprymna_scolopes];
    6 [label=Greenland_neomeniomorph];
    7 [label=Helobdella_robusta];
    8 [label=Ilyanassa_obsoleta];
    9 [label=Lingula_anatina];
    10 [label=Littorina_littorea];
    11 [label=Lottia_gigantea];
    12 [label=Lymnaea_stagnalis];
    13 [label=Mytilus_californianus];
    14 [label=Nautilus];
    15 [label=Nucula];
    16 [label=Octopus];
    17 [label=Perotrochus_lucaya];
    18 [label=Scaphopods];
    19 [label=Siphonaria_pectinata];
    20 [label=Solemya];
    21 [label=Venerupis_decussatus];
    22 [label=Venerupis_philippinarum];
    23 [label=Yoldia_limatula];
    24 [label=HTU24];
    25 [label=HTU25];
    26 [label=HTU26];
    27 [label=HTU27];
    28 [label=HTU28];
    29 [label=HTU29];
    30 [label=HTU30];
    31 [label=HTU31];
    32 [label=HTU32];
    33 [label=HTU33];
    34 [label=HTU34];
    35 [label=HTU35];
    36 [label=HTU36];
    37 [label=HTU37];
    38 [label=HTU38];
    39 [label=HTU39];
    40 [label=HTU40];
    41 [label=HTU41];
    42 [label=HTU42];
    43 [label=HTU43];
    44 [label=HTU44];
    45 [label=HTU45];
    46 [label=HTU46];
    24 -> 0 [label=0.0];
    24 -> 41 [label=0.0];
    25 -> 8 [label=3.0];
    25 -> 23 [label=9.0];
    26 -> 9 [label=4.0];
    26 -> 21 [label=36.0];
    27 -> 25 [label=0.0];
    27 -> 29 [label=5.0];
    28 -> 26 [label=2.0];
    28 -> 30 [label=4.0];
    29 -> 4 [label=15.0];
    29 -> 33 [label=2.0];
    30 -> 13 [label=72.0];
    30 -> 34 [label=18.0];
    31 -> 5 [label=75.0];
    31 -> 27 [label=0.0];
    32 -> 14 [label=17.0];
    32 -> 28 [label=0.0];
    33 -> 1 [label=91.0];
    33 -> 15 [label=63.0];
    34 -> 3 [label=0.0];
    34 -> 19 [label=0.0];
    35 -> 31 [label=3.0];
    35 -> 32 [label=12.0];
    36 -> 10 [label=91.0];
    36 -> 35 [label=1.0];
    37 -> 18 [label=183.0];
    37 -> 36 [label=4.0];
    38 -> 12 [label=9.0];
    38 -> 37 [label=0.0];
    39 -> 2 [label=81.0];
    39 -> 38 [label=0.0];
    40 -> 20 [label=37.0];
    40 -> 39 [label=0.0];
    41 -> 40 [label=3.0];
    41 -> 45 [label=5.0];
    42 -> 17 [label=0.0];
    42 -> 22 [label=33.0];
    43 -> 44 [label=8.0];
    43 -> 46 [label=6.0];
    44 -> 7 [label=17.0];
    44 -> 42 [label=0.0];
    45 -> 16 [label=55.0];
    45 -> 43 [label=2.0];
    46 -> 6 [label=58.0];
    46 -> 11 [label=15.0];
}
//1767.0
digraph G {
	rankdir = LR;	edge [colorscheme=spectral11];	node [shape = none];

    0 [label=Antarctic_neomeniomorph];
    1 [label=Aplysia_californica];
    2 [label=Cerebratulus_lacteus];
    3 [label=Chaetopleura_apiculata];
    4 [label=Crassostrea_virginica];
    5 [label=Euprymna_scolopes];
    6 [label=Greenland_neomeniomorph];
    7 [label=Helobdella_robusta];
    8 [label=Ilyanassa_obsoleta];
    9 [label=Lingula_anatina];
    10 [label=Littorina_littorea];
    11 [label=Lottia_gigantea];
    12 [label=Lymnaea_stagnalis];
    13 [label=Mytilus_californianus];
    14 [label=Nautilus];
    15 [label=Nucula];
    16 [label=Octopus];
    17 [label=Perotrochus_lucaya];
    18 [label=Scaphopods];
    19 [label=Siphonaria_pectinata];
    20 [label=Solemya];
    21 [label=Venerupis_decussatus];
    22 [label=Venerupis_philippinarum];
    23 [label=Yoldia_limatula];
    24 [label=HTU24];
    25 [label=HTU25];
    26 [label=HTU26];
    27 [label=HTU27];
    28 [label=HTU28];
    29 [label=HTU29];
    30 [label=HTU30];
    31 [label=HTU31];
    32 [label=HTU32];
    33 [label=HTU33];
    34 [label=HTU34];
    35 [label=HTU35];
    36 [label=HTU36];
    37 [label=HTU37];
    38 [label=HTU38];
    39 [label=HTU39];
    40 [label=HTU40];
    41 [label=HTU41];
    42 [label=HTU42];
    43 [label=HTU43];
    44 [label=HTU44];
    45 [label=HTU45];
    46 [label=HTU46];
    24 -> 0 [label=0.0];
    24 -> 39 [label=0.0];
    25 -> 8 [label=3.0];
    25 -> 23 [label=9.0];
    26 -> 9 [label=4.0];
    26 -> 21 [label=36.0];
    27 -> 25 [label=0.0];
    27 -> 29 [label=5.0];
    28 -> 26 [label=2.0];
    28 -> 30 [label=4.0];
    29 -> 4 [label=15.0];
    29 -> 32 [label=2.0];
    30 -> 13 [label=75.0];
    30 -> 33 [label=17.0];
    31 -> 5 [label=80.0];
    31 -> 27 [label=0.0];
    32 -> 1 [label=93.0];
    32 -> 15 [label=65.0];
    33 -> 3 [label=0.0];
    33 -> 19 [label=0.0];
    34 -> 28 [label=13.0];
    34 -> 31 [label=0.0];
    35 -> 10 [label=94.0];
    35 -> 34 [label=2.0];
    36 -> 18 [label=197.0];
    36 -> 35 [label=3.0];
    37 -> 12 [label=9.0];
    37 -> 36 [label=0.0];
    38 -> 20 [label=35.0];
    38 -> 37 [label=0.0];
    39 -> 38 [label=1.0];
    39 -> 44 [label=1.0];
    40 -> 17 [label=30.0];
    40 -> 43 [label=13.0];
    41 -> 42 [label=2.0];
    41 -> 45 [label=8.0];
    42 -> 40 [label=18.0];
    42 -> 46 [label=26.0];
    43 -> 14 [label=0.0];
    43 -> 22 [label=0.0];
    44 -> 16 [label=58.0];
    44 -> 41 [label=1.0];
    45 -> 6 [label=57.0];
    45 -> 11 [label=13.0];
    46 -> 2 [label=0.0];
    46 -> 7 [label=0.0];
}
//1766.0
digraph G {
	rankdir = LR;	edge [colorscheme=spectral11];	node [shape = none];

    0 [label=Antarctic_neomeniomorph];
    1 [label=Aplysia_californica];
    2 [label=Cerebratulus_lacteus];
    3 [label=Chaetopleura_apiculata];
    4 [label=Crassostrea_virginica];
    5 [label=Euprymna_scolopes];
    6 [label=Greenland_neomeniomorph];
    7 [label=Helobdella_robusta];
    8 [label=Ilyanassa_obsoleta];
    9 [label=Lingula_anatina];
    10 [label=Littorina_littorea];
    11 [label=Lottia_gigantea];
    12 [label=Lymnaea_stagnalis];
    13 [label=Mytilus_californianus];
    14 [label=Nautilus];
    15 [label=Nucula];
    16 [label=Octopus];
    17 [label=Perotrochus_lucaya];
    18 [label=Scaphopods];
    19 [label=Siphonaria_pectinata];
    20 [label=Solemya];
    21 [label=Venerupis_decussatus];
    22 [label=Venerupis_philippinarum];
    23 [label=Yoldia_limatula];
    24 [label=HTU24];
    25 [label=HTU25];
    26 [label=HTU26];
    27 [label=HTU27];
    28 [label=HTU28];
    29 [label=HTU29];
    30 [label=HTU30];
    31 [label=HTU31];
    32 [label=HTU32];
    33 [label=HTU33];
    34 [label=HTU34];
    35 [label=HTU35];
    36 [label=HTU36];
    37 [label=HTU37];
    38 [label=HTU38];
    39 [label=HTU39];
    40 [label=HTU40];
    41 [label=HTU41];
    42 [label=HTU42];
    43 [label=HTU43];
    44 [label=HTU44];
    45 [label=HTU45];
    46 [label=HTU46];
    24 -> 0 [label=0.0];
    24 -> 40 [label=0.0];
    25 -> 8 [label=3.0];
    25 -> 23 [label=9.0];
    26 -> 9 [label=4.0];
    26 -> 21 [label=36.0];
    27 -> 25 [label=0.0];
    27 -> 29 [label=5.0];
    28 -> 26 [label=2.0];
    28 -> 30 [label=4.0];
    29 -> 4 [label=15.0];
    29 -> 32 [label=2.0];
    30 -> 13 [label=77.0];
    30 -> 33 [label=17.0];
    31 -> 5 [label=79.0];
    31 -> 27 [label=0.0];
    32 -> 1 [label=92.0];
    32 -> 15 [label=66.0];
    33 -> 3 [label=0.0];
    33 -> 19 [label=0.0];
    34 -> 28 [label=13.0];
    34 -> 31 [label=1.0];
    35 -> 10 [label=94.0];
    35 -> 34 [label=2.0];
    36 -> 18 [label=187.0];
    36 -> 35 [label=3.0];
    37 -> 12 [label=9.0];
    37 -> 36 [label=0.0];
    38 -> 2 [label=81.0];
    38 -> 37 [label=0.0];
    39 -> 20 [label=32.0];
    39 -> 38 [label=0.0];
    40 -> 39 [label=2.0];
    40 -> 45 [label=6.0];
    41 -> 17 [label=29.0];
    41 -> 44 [label=12.0];
    42 -> 43 [label=0.0];
    42 -> 46 [label=4.0];
    43 -> 7 [label=17.0];
    43 -> 41 [label=0.0];
    44 -> 14 [label=0.0];
    44 -> 22 [label=0.0];
    45 -> 16 [label=42.0];
    45 -> 42 [label=0.0];
    46 -> 6 [label=57.0];
    46 -> 11 [label=13.0];
}
//1764.0
digraph G {
	rankdir = LR;	edge [colorscheme=spectral11];	node [shape = none];

    0 [label=Antarctic_neomeniomorph];
    1 [label=Aplysia_californica];
    2 [label=Cerebratulus_lacteus];
    3 [label=Chaetopleura_apiculata];
    4 [label=Crassostrea_virginica];
    5 [label=Euprymna_scolopes];
    6 [label=Greenland_neomeniomorph];
    7 [label=Helobdella_robusta];
    8 [label=Ilyanassa_obsoleta];
    9 [label=Lingula_anatina];
    10 [label=Littorina_littorea];
    11 [label=Lottia_gigantea];
    12 [label=Lymnaea_stagnalis];
    13 [label=Mytilus_californianus];
    14 [label=Nautilus];
    15 [label=Nucula];
    16 [label=Octopus];
    17 [label=Perotrochus_lucaya];
    18 [label=Scaphopods];
    19 [label=Siphonaria_pectinata];
    20 [label=Solemya];
    21 [label=Venerupis_decussatus];
    22 [label=Venerupis_philippinarum];
    23 [label=Yoldia_limatula];
    24 [label=HTU24];
    25 [label=HTU25];
    26 [label=HTU26];
    27 [label=HTU27];
    28 [label=HTU28];
    29 [label=HTU29];
    30 [label=HTU30];
    31 [label=HTU31];
    32 [label=HTU32];
    33 [label=HTU33];
    34 [label=HTU34];
    35 [label=HTU35];
    36 [label=HTU36];
    37 [label=HTU37];
    38 [label=HTU38];
    39 [label=HTU39];
    40 [label=HTU40];
    41 [label=HTU41];
    42 [label=HTU42];
    43 [label=HTU43];
    44 [label=HTU44];
    45 [label=HTU45];
    46 [label=HTU46];
    24 -> 0 [label=0.0];
    24 -> 42 [label=0.0];
    25 -> 23 [label=9.0];
    25 -> 33 [label=1.0];
    26 -> 9 [label=4.0];
    26 -> 21 [label=36.0];
    27 -> 25 [label=0.0];
    27 -> 29 [label=5.0];
    28 -> 26 [label=2.0];
    28 -> 30 [label=4.0];
    29 -> 4 [label=15.0];
    29 -> 32 [label=2.0];
    30 -> 13 [label=87.0];
    30 -> 34 [label=14.0];
    31 -> 5 [label=80.0];
    31 -> 27 [label=5.0];
    32 -> 1 [label=68.0];
    32 -> 15 [label=91.0];
    33 -> 8 [label=2.0];
    33 -> 17 [label=0.0];
    34 -> 3 [label=0.0];
    34 -> 19 [label=0.0];
    35 -> 28 [label=13.0];
    35 -> 31 [label=0.0];
    36 -> 10 [label=78.0];
    36 -> 35 [label=2.0];
    37 -> 18 [label=177.0];
    37 -> 36 [label=7.0];
    38 -> 12 [label=7.0];
    38 -> 37 [label=0.0];
    39 -> 2 [label=86.0];
    39 -> 38 [label=0.0];
    40 -> 16 [label=49.0];
    40 -> 39 [label=0.0];
    41 -> 20 [label=33.0];
    41 -> 40 [label=5.0];
    42 -> 41 [label=2.0];
    42 -> 43 [label=1.0];
    43 -> 44 [label=0.0];
    43 -> 46 [label=4.0];
    44 -> 7 [label=8.0];
    44 -> 45 [label=12.0];
    45 -> 14 [label=0.0];
    45 -> 22 [label=0.0];
    46 -> 6 [label=64.0];
    46 -> 11 [label=15.0];
}
//1749.0
digraph G {
	rankdir = LR;	edge [colorscheme=spectral11];	node [shape = none];

    0 [label=Antarctic_neomeniomorph];
    1 [label=Aplysia_californica];
    2 [label=Cerebratulus_lacteus];
    3 [label=Chaetopleura_apiculata];
    4 [label=Crassostrea_virginica];
    5 [label=Euprymna_scolopes];
    6 [label=Greenland_neomeniomorph];
    7 [label=Helobdella_robusta];
    8 [label=Ilyanassa_obsoleta];
    9 [label=Lingula_anatina];
    10 [label=Littorina_littorea];
    11 [label=Lottia_gigantea];
    12 [label=Lymnaea_stagnalis];
    13 [label=Mytilus_californianus];
    14 [label=Nautilus];
    15 [label=Nucula];
    16 [label=Octopus];
    17 [label=Perotrochus_lucaya];
    18 [label=Scaphopods];
    19 [label=Siphonaria_pectinata];
    20 [label=Solemya];
    21 [label=Venerupis_decussatus];
    22 [label=Venerupis_philippinarum];
    23 [label=Yoldia_limatula];
    24 [label=HTU24];
    25 [label=HTU25];
    26 [label=HTU26];
    27 [label=HTU27];
    28 [label=HTU28];
    29 [label=HTU29];
    30 [label=HTU30];
    31 [label=HTU31];
    32 [label=HTU32];
    33 [label=HTU33];
    34 [label=HTU34];
    35 [label=HTU35];
    36 [label=HTU36];
    37 [label=HTU37];
    38 [label=HTU38];
    39 [label=HTU39];
    40 [label=HTU40];
    41 [label=HTU41];
    42 [label=HTU42];
    43 [label=HTU43];
    44 [label=HTU44];
    45 [label=HTU45];
    46 [label=HTU46];
    47 [label=HTU47];
    48 [label=HTU48];
    49 [label=HTU49];
    50 [label=HTU50];
    51 [label=HTU51];
    52 [label=HTU52];
    24 -> 0 [label=0.0];
    24 -> 42 [label=0.0];
    25 -> 23 [label=9.0];
    25 -> 34 [label=1.0];
    26 -> 21 [label=36.0];
    26 -> 50 [label=0.0];
    27 -> 25 [label=0.0];
    27 -> 29 [label=5.0];
    28 -> 26 [label=2.0];
    28 -> 30 [label=4.0];
    29 -> 4 [label=15.0];
    29 -> 33 [label=2.0];
    30 -> 13 [label=72.0];
    30 -> 35 [label=18.0];
    31 -> 5 [label=75.0];
    31 -> 27 [label=10.0];
    32 -> 28 [label=13.0];
    32 -> 51 [label=0.0];
    33 -> 1 [label=69.0];
    33 -> 15 [label=91.0];
    34 -> 8 [label=2.0];
    34 -> 17 [label=0.0];
    35 -> 3 [label=0.0];
    35 -> 19 [label=0.0];
    36 -> 31 [label=4.0];
    36 -> 32 [label=1.0];
    37 -> 10 [label=84.0];
    37 -> 36 [label=1.0];
    38 -> 18 [label=187.0];
    38 -> 37 [label=4.0];
    39 -> 12 [label=7.0];
    39 -> 38 [label=0.0];
    40 -> 39 [label=0.0];
    40 -> 52 [label=0.0];
    41 -> 20 [label=32.0];
    41 -> 40 [label=5.0];
    42 -> 41 [label=8.0];
    42 -> 46 [label=0.0];
    43 -> 44 [label=23.0];
    43 -> 47 [label=5.0];
    44 -> 45 [label=12.0];
    44 -> 48 [label=3.0];
    45 -> 22 [label=0.0];
    45 -> 51 [label=0.0];
    46 -> 43 [label=1.0];
    46 -> 52 [label=0.0];
    47 -> 6 [label=58.0];
    47 -> 49 [label=0.0];
    48 -> 2 [label=0.0];
    48 -> 7 [label=0.0];
    49 -> 11 [label=0.0];
    49 -> 50 [label=0.0];
    50 -> 9 [label=4.0];
    51 -> 14 [label=15.0];
    52 -> 16 [label=51.0];
}
//1700.0
