digraph G {
	rankdir = LR;	edge [colorscheme=spectral11];	node [shape = none];

    0 [label=Antarctic_neomeniomorph];
    1 [label=Aplysia_californica];
    2 [label=Cerebratulus_lacteus];
    3 [label=Chaetopleura_apiculata];
    4 [label=Crassostrea_virginica];
    5 [label=Euprymna_scolopes];
    6 [label=Greenland_neomeniomorph];
    7 [label=Helobdella_robusta];
    8 [label=Ilyanassa_obsoleta];
    9 [label=Lingula_anatina];
    10 [label=Littorina_littorea];
    11 [label=Lottia_gigantea];
    12 [label=Lymnaea_stagnalis];
    13 [label=Mytilus_californianus];
    14 [label=Nautilus];
    15 [label=Nucula];
    16 [label=Octopus];
    17 [label=Perotrochus_lucaya];
    18 [label=Scaphopods];
    19 [label=Siphonaria_pectinata];
    20 [label=Solemya];
    21 [label=Venerupis_decussatus];
    22 [label=Venerupis_philippinarum];
    23 [label=Yoldia_limatula];
    24 [label=HTU24];
    25 [label=HTU25];
    26 [label=HTU26];
    27 [label=HTU27];
    28 [label=HTU28];
    29 [label=HTU29];
    30 [label=HTU30];
    31 [label=HTU31];
    32 [label=HTU32];
    33 [label=HTU33];
    34 [label=HTU34];
    35 [label=HTU35];
    36 [label=HTU36];
    37 [label=HTU37];
    38 [label=HTU38];
    39 [label=HTU39];
    40 [label=HTU40];
    41 [label=HTU41];
    42 [label=HTU42];
    43 [label=HTU43];
    44 [label=HTU44];
    45 [label=HTU45];
    46 [label=HTU46];
    24 -> 0 [label=0.0];
    24 -> 40 [label=0.0];
    25 -> 10 [label=56.0];
    25 -> 39 [label=2.0];
    26 -> 13 [label=9.0];
    26 -> 22 [label=9.0];
    27 -> 6 [label=50.0];
    27 -> 25 [label=5.0];
    28 -> 34 [label=47.0];
    28 -> 41 [label=29.0];
    29 -> 1 [label=1.0];
    29 -> 19 [label=8.0];
    30 -> 23 [label=4.0];
    30 -> 26 [label=14.0];
    31 -> 2 [label=68.0];
    31 -> 27 [label=20.0];
    32 -> 17 [label=50.0];
    32 -> 30 [label=17.0];
    33 -> 5 [label=31.0];
    33 -> 31 [label=1.0];
    34 -> 7 [label=13.0];
    34 -> 18 [label=5.0];
    35 -> 16 [label=58.0];
    35 -> 32 [label=2.0];
    36 -> 20 [label=38.0];
    36 -> 33 [label=23.0];
    37 -> 15 [label=33.0];
    37 -> 35 [label=1.0];
    38 -> 4 [label=18.0];
    38 -> 29 [label=1.0];
    39 -> 11 [label=50.0];
    39 -> 28 [label=4.0];
    40 -> 43 [label=0.0];
    40 -> 46 [label=0.0];
    41 -> 12 [label=3.0];
    41 -> 38 [label=5.0];
    42 -> 8 [label=0.0];
    42 -> 44 [label=24.0];
    43 -> 42 [label=0.0];
    43 -> 45 [label=0.0];
    44 -> 9 [label=4.0];
    44 -> 21 [label=36.0];
    45 -> 3 [label=22.0];
    45 -> 14 [label=23.0];
    46 -> 36 [label=0.0];
    46 -> 37 [label=3.0];
}
//1746.0
digraph G {
	rankdir = LR;	edge [colorscheme=spectral11];	node [shape = none];

    0 [label=Antarctic_neomeniomorph];
    1 [label=Aplysia_californica];
    2 [label=Cerebratulus_lacteus];
    3 [label=Chaetopleura_apiculata];
    4 [label=Crassostrea_virginica];
    5 [label=Euprymna_scolopes];
    6 [label=Greenland_neomeniomorph];
    7 [label=Helobdella_robusta];
    8 [label=Ilyanassa_obsoleta];
    9 [label=Lingula_anatina];
    10 [label=Littorina_littorea];
    11 [label=Lottia_gigantea];
    12 [label=Lymnaea_stagnalis];
    13 [label=Mytilus_californianus];
    14 [label=Nautilus];
    15 [label=Nucula];
    16 [label=Octopus];
    17 [label=Perotrochus_lucaya];
    18 [label=Scaphopods];
    19 [label=Siphonaria_pectinata];
    20 [label=Solemya];
    21 [label=Venerupis_decussatus];
    22 [label=Venerupis_philippinarum];
    23 [label=Yoldia_limatula];
    24 [label=HTU24];
    25 [label=HTU25];
    26 [label=HTU26];
    27 [label=HTU27];
    28 [label=HTU28];
    29 [label=HTU29];
    30 [label=HTU30];
    31 [label=HTU31];
    32 [label=HTU32];
    33 [label=HTU33];
    34 [label=HTU34];
    35 [label=HTU35];
    36 [label=HTU36];
    37 [label=HTU37];
    38 [label=HTU38];
    39 [label=HTU39];
    40 [label=HTU40];
    41 [label=HTU41];
    42 [label=HTU42];
    43 [label=HTU43];
    44 [label=HTU44];
    45 [label=HTU45];
    46 [label=HTU46];
    24 -> 0 [label=0.0];
    24 -> 39 [label=0.0];
    25 -> 10 [label=56.0];
    25 -> 38 [label=3.0];
    26 -> 13 [label=9.0];
    26 -> 22 [label=9.0];
    27 -> 6 [label=59.0];
    27 -> 25 [label=5.0];
    28 -> 33 [label=47.0];
    28 -> 41 [label=29.0];
    29 -> 1 [label=1.0];
    29 -> 19 [label=8.0];
    30 -> 26 [label=25.0];
    30 -> 40 [label=2.0];
    31 -> 17 [label=44.0];
    31 -> 30 [label=8.0];
    32 -> 5 [label=61.0];
    32 -> 27 [label=0.0];
    33 -> 7 [label=13.0];
    33 -> 18 [label=5.0];
    34 -> 16 [label=49.0];
    34 -> 31 [label=7.0];
    35 -> 20 [label=37.0];
    35 -> 32 [label=4.0];
    36 -> 15 [label=27.0];
    36 -> 34 [label=5.0];
    37 -> 4 [label=18.0];
    37 -> 29 [label=1.0];
    38 -> 11 [label=51.0];
    38 -> 28 [label=7.0];
    39 -> 45 [label=1.0];
    39 -> 46 [label=10.0];
    40 -> 14 [label=0.0];
    40 -> 23 [label=0.0];
    41 -> 12 [label=3.0];
    41 -> 37 [label=5.0];
    42 -> 8 [label=0.0];
    42 -> 44 [label=24.0];
    43 -> 3 [label=0.0];
    43 -> 42 [label=0.0];
    44 -> 9 [label=4.0];
    44 -> 21 [label=36.0];
    45 -> 2 [label=65.0];
    45 -> 43 [label=3.0];
    46 -> 35 [label=0.0];
    46 -> 36 [label=0.0];
}
//1729.0
digraph G {
	rankdir = LR;	edge [colorscheme=spectral11];	node [shape = none];

    0 [label=Antarctic_neomeniomorph];
    1 [label=Aplysia_californica];
    2 [label=Cerebratulus_lacteus];
    3 [label=Chaetopleura_apiculata];
    4 [label=Crassostrea_virginica];
    5 [label=Euprymna_scolopes];
    6 [label=Greenland_neomeniomorph];
    7 [label=Helobdella_robusta];
    8 [label=Ilyanassa_obsoleta];
    9 [label=Lingula_anatina];
    10 [label=Littorina_littorea];
    11 [label=Lottia_gigantea];
    12 [label=Lymnaea_stagnalis];
    13 [label=Mytilus_californianus];
    14 [label=Nautilus];
    15 [label=Nucula];
    16 [label=Octopus];
    17 [label=Perotrochus_lucaya];
    18 [label=Scaphopods];
    19 [label=Siphonaria_pectinata];
    20 [label=Solemya];
    21 [label=Venerupis_decussatus];
    22 [label=Venerupis_philippinarum];
    23 [label=Yoldia_limatula];
    24 [label=HTU24];
    25 [label=HTU25];
    26 [label=HTU26];
    27 [label=HTU27];
    28 [label=HTU28];
    29 [label=HTU29];
    30 [label=HTU30];
    31 [label=HTU31];
    32 [label=HTU32];
    33 [label=HTU33];
    34 [label=HTU34];
    35 [label=HTU35];
    36 [label=HTU36];
    37 [label=HTU37];
    38 [label=HTU38];
    39 [label=HTU39];
    40 [label=HTU40];
    41 [label=HTU41];
    42 [label=HTU42];
    43 [label=HTU43];
    44 [label=HTU44];
    45 [label=HTU45];
    46 [label=HTU46];
    24 -> 0 [label=0.0];
    24 -> 40 [label=0.0];
    25 -> 9 [label=4.0];
    25 -> 22 [label=5.0];
    26 -> 13 [label=9.0];
    26 -> 25 [label=1.0];
    27 -> 6 [label=78.0];
    27 -> 39 [label=0.0];
    28 -> 34 [label=47.0];
    28 -> 41 [label=29.0];
    29 -> 1 [label=2.0];
    29 -> 19 [label=8.0];
    30 -> 23 [label=4.0];
    30 -> 26 [label=14.0];
    31 -> 2 [label=71.0];
    31 -> 27 [label=26.0];
    32 -> 17 [label=56.0];
    32 -> 30 [label=17.0];
    33 -> 5 [label=40.0];
    33 -> 31 [label=1.0];
    34 -> 7 [label=13.0];
    34 -> 18 [label=5.0];
    35 -> 16 [label=57.0];
    35 -> 32 [label=2.0];
    36 -> 20 [label=34.0];
    36 -> 33 [label=27.0];
    37 -> 15 [label=31.0];
    37 -> 35 [label=1.0];
    38 -> 4 [label=19.0];
    38 -> 29 [label=1.0];
    39 -> 11 [label=34.0];
    39 -> 28 [label=18.0];
    40 -> 43 [label=0.0];
    40 -> 46 [label=0.0];
    41 -> 12 [label=3.0];
    41 -> 38 [label=5.0];
    42 -> 8 [label=0.0];
    42 -> 21 [label=63.0];
    43 -> 42 [label=0.0];
    43 -> 44 [label=0.0];
    44 -> 14 [label=21.0];
    44 -> 45 [label=9.0];
    45 -> 3 [label=11.0];
    45 -> 10 [label=66.0];
    46 -> 36 [label=0.0];
    46 -> 37 [label=2.0];
}
//1716.0
digraph G {
	rankdir = LR;	edge [colorscheme=spectral11];	node [shape = none];

    0 [label=Antarctic_neomeniomorph];
    1 [label=Aplysia_californica];
    2 [label=Cerebratulus_lacteus];
    3 [label=Chaetopleura_apiculata];
    4 [label=Crassostrea_virginica];
    5 [label=Euprymna_scolopes];
    6 [label=Greenland_neomeniomorph];
    7 [label=Helobdella_robusta];
    8 [label=Ilyanassa_obsoleta];
    9 [label=Lingula_anatina];
    10 [label=Littorina_littorea];
    11 [label=Lottia_gigantea];
    12 [label=Lymnaea_stagnalis];
    13 [label=Mytilus_californianus];
    14 [label=Nautilus];
    15 [label=Nucula];
    16 [label=Octopus];
    17 [label=Perotrochus_lucaya];
    18 [label=Scaphopods];
    19 [label=Siphonaria_pectinata];
    20 [label=Solemya];
    21 [label=Venerupis_decussatus];
    22 [label=Venerupis_philippinarum];
    23 [label=Yoldia_limatula];
    24 [label=HTU24];
    25 [label=HTU25];
    26 [label=HTU26];
    27 [label=HTU27];
    28 [label=HTU28];
    29 [label=HTU29];
    30 [label=HTU30];
    31 [label=HTU31];
    32 [label=HTU32];
    33 [label=HTU33];
    34 [label=HTU34];
    35 [label=HTU35];
    36 [label=HTU36];
    37 [label=HTU37];
    38 [label=HTU38];
    39 [label=HTU39];
    40 [label=HTU40];
    41 [label=HTU41];
    42 [label=HTU42];
    43 [label=HTU43];
    44 [label=HTU44];
    45 [label=HTU45];
    46 [label=HTU46];
    24 -> 0 [label=0.0];
    24 -> 40 [label=0.0];
    25 -> 9 [label=4.0];
    25 -> 22 [label=5.0];
    26 -> 13 [label=9.0];
    26 -> 25 [label=1.0];
    27 -> 6 [label=78.0];
    27 -> 39 [label=0.0];
    28 -> 34 [label=47.0];
    28 -> 42 [label=29.0];
    29 -> 1 [label=2.0];
    29 -> 19 [label=8.0];
    30 -> 26 [label=25.0];
    30 -> 41 [label=2.0];
    31 -> 2 [label=72.0];
    31 -> 27 [label=26.0];
    32 -> 17 [label=37.0];
    32 -> 30 [label=9.0];
    33 -> 5 [label=39.0];
    33 -> 31 [label=1.0];
    34 -> 7 [label=13.0];
    34 -> 18 [label=5.0];
    35 -> 16 [label=50.0];
    35 -> 32 [label=9.0];
    36 -> 20 [label=37.0];
    36 -> 33 [label=25.0];
    37 -> 15 [label=30.0];
    37 -> 35 [label=4.0];
    38 -> 4 [label=19.0];
    38 -> 29 [label=1.0];
    39 -> 11 [label=34.0];
    39 -> 28 [label=17.0];
    40 -> 44 [label=3.0];
    40 -> 46 [label=1.0];
    41 -> 14 [label=0.0];
    41 -> 23 [label=0.0];
    42 -> 12 [label=3.0];
    42 -> 38 [label=5.0];
    43 -> 8 [label=0.0];
    43 -> 21 [label=63.0];
    44 -> 43 [label=0.0];
    44 -> 45 [label=0.0];
    45 -> 3 [label=7.0];
    45 -> 10 [label=72.0];
    46 -> 36 [label=0.0];
    46 -> 37 [label=5.0];
}
//1714.0
digraph G {
	rankdir = LR;	edge [colorscheme=spectral11];	node [shape = none];

    0 [label=Antarctic_neomeniomorph];
    1 [label=Aplysia_californica];
    2 [label=Cerebratulus_lacteus];
    3 [label=Chaetopleura_apiculata];
    4 [label=Crassostrea_virginica];
    5 [label=Euprymna_scolopes];
    6 [label=Greenland_neomeniomorph];
    7 [label=Helobdella_robusta];
    8 [label=Ilyanassa_obsoleta];
    9 [label=Lingula_anatina];
    10 [label=Littorina_littorea];
    11 [label=Lottia_gigantea];
    12 [label=Lymnaea_stagnalis];
    13 [label=Mytilus_californianus];
    14 [label=Nautilus];
    15 [label=Nucula];
    16 [label=Octopus];
    17 [label=Perotrochus_lucaya];
    18 [label=Scaphopods];
    19 [label=Siphonaria_pectinata];
    20 [label=Solemya];
    21 [label=Venerupis_decussatus];
    22 [label=Venerupis_philippinarum];
    23 [label=Yoldia_limatula];
    24 [label=HTU24];
    25 [label=HTU25];
    26 [label=HTU26];
    27 [label=HTU27];
    28 [label=HTU28];
    29 [label=HTU29];
    30 [label=HTU30];
    31 [label=HTU31];
    32 [label=HTU32];
    33 [label=HTU33];
    34 [label=HTU34];
    35 [label=HTU35];
    36 [label=HTU36];
    37 [label=HTU37];
    38 [label=HTU38];
    39 [label=HTU39];
    40 [label=HTU40];
    41 [label=HTU41];
    42 [label=HTU42];
    43 [label=HTU43];
    44 [label=HTU44];
    45 [label=HTU45];
    46 [label=HTU46];
    47 [label=HTU47];
    48 [label=HTU48];
    24 -> 0 [label=0.0];
    24 -> 38 [label=0.0];
    25 -> 13 [label=9.0];
    25 -> 22 [label=10.0];
    26 -> 6 [label=80.0];
    26 -> 37 [label=0.0];
    27 -> 32 [label=47.0];
    27 -> 40 [label=29.0];
    28 -> 1 [label=2.0];
    28 -> 19 [label=8.0];
    29 -> 25 [label=25.0];
    29 -> 39 [label=0.0];
    30 -> 17 [label=42.0];
    30 -> 29 [label=9.0];
    31 -> 5 [label=68.0];
    31 -> 26 [label=4.0];
    32 -> 7 [label=13.0];
    32 -> 18 [label=5.0];
    33 -> 16 [label=49.0];
    33 -> 30 [label=9.0];
    34 -> 20 [label=37.0];
    34 -> 31 [label=5.0];
    35 -> 15 [label=29.0];
    35 -> 33 [label=6.0];
    36 -> 4 [label=19.0];
    36 -> 28 [label=1.0];
    37 -> 11 [label=33.0];
    37 -> 27 [label=19.0];
    38 -> 46 [label=1.0];
    38 -> 48 [label=5.0];
    39 -> 23 [label=4.0];
    39 -> 47 [label=0.0];
    40 -> 12 [label=3.0];
    40 -> 36 [label=5.0];
    41 -> 8 [label=0.0];
    41 -> 43 [label=24.0];
    42 -> 41 [label=0.0];
    42 -> 44 [label=0.0];
    43 -> 9 [label=4.0];
    43 -> 21 [label=36.0];
    44 -> 45 [label=0.0];
    44 -> 47 [label=0.0];
    45 -> 3 [label=4.0];
    45 -> 10 [label=78.0];
    46 -> 2 [label=65.0];
    46 -> 42 [label=3.0];
    47 -> 14 [label=0.0];
    48 -> 34 [label=0.0];
    48 -> 35 [label=3.0];
}
//1711.0
digraph G {
	rankdir = LR;	edge [colorscheme=spectral11];	node [shape = none];

    0 [label=Antarctic_neomeniomorph];
    1 [label=Aplysia_californica];
    2 [label=Cerebratulus_lacteus];
    3 [label=Chaetopleura_apiculata];
    4 [label=Crassostrea_virginica];
    5 [label=Euprymna_scolopes];
    6 [label=Greenland_neomeniomorph];
    7 [label=Helobdella_robusta];
    8 [label=Ilyanassa_obsoleta];
    9 [label=Lingula_anatina];
    10 [label=Littorina_littorea];
    11 [label=Lottia_gigantea];
    12 [label=Lymnaea_stagnalis];
    13 [label=Mytilus_californianus];
    14 [label=Nautilus];
    15 [label=Nucula];
    16 [label=Octopus];
    17 [label=Perotrochus_lucaya];
    18 [label=Scaphopods];
    19 [label=Siphonaria_pectinata];
    20 [label=Solemya];
    21 [label=Venerupis_decussatus];
    22 [label=Venerupis_philippinarum];
    23 [label=Yoldia_limatula];
    24 [label=HTU24];
    25 [label=HTU25];
    26 [label=HTU26];
    27 [label=HTU27];
    28 [label=HTU28];
    29 [label=HTU29];
    30 [label=HTU30];
    31 [label=HTU31];
    32 [label=HTU32];
    33 [label=HTU33];
    34 [label=HTU34];
    35 [label=HTU35];
    36 [label=HTU36];
    37 [label=HTU37];
    38 [label=HTU38];
    39 [label=HTU39];
    40 [label=HTU40];
    41 [label=HTU41];
    42 [label=HTU42];
    43 [label=HTU43];
    44 [label=HTU44];
    45 [label=HTU45];
    46 [label=HTU46];
    24 -> 0 [label=0.0];
    24 -> 38 [label=0.0];
    25 -> 13 [label=9.0];
    25 -> 22 [label=10.0];
    26 -> 6 [label=80.0];
    26 -> 37 [label=0.0];
    27 -> 32 [label=47.0];
    27 -> 40 [label=29.0];
    28 -> 1 [label=2.0];
    28 -> 19 [label=8.0];
    29 -> 25 [label=25.0];
    29 -> 39 [label=2.0];
    30 -> 17 [label=42.0];
    30 -> 29 [label=9.0];
    31 -> 5 [label=68.0];
    31 -> 26 [label=4.0];
    32 -> 7 [label=13.0];
    32 -> 18 [label=5.0];
    33 -> 16 [label=49.0];
    33 -> 30 [label=9.0];
    34 -> 20 [label=37.0];
    34 -> 31 [label=5.0];
    35 -> 15 [label=29.0];
    35 -> 33 [label=6.0];
    36 -> 4 [label=19.0];
    36 -> 28 [label=1.0];
    37 -> 11 [label=33.0];
    37 -> 27 [label=19.0];
    38 -> 45 [label=1.0];
    38 -> 46 [label=5.0];
    39 -> 14 [label=0.0];
    39 -> 23 [label=0.0];
    40 -> 12 [label=3.0];
    40 -> 36 [label=5.0];
    41 -> 8 [label=0.0];
    41 -> 43 [label=24.0];
    42 -> 41 [label=0.0];
    42 -> 44 [label=0.0];
    43 -> 9 [label=4.0];
    43 -> 21 [label=36.0];
    44 -> 3 [label=4.0];
    44 -> 10 [label=78.0];
    45 -> 2 [label=65.0];
    45 -> 42 [label=3.0];
    46 -> 34 [label=0.0];
    46 -> 35 [label=3.0];
}
//1711.0
